Archive member included to satisfy reference by file (symbol)

c:/ac6/systemworkbench/plugins/fr.ac6.mcu.externaltools.arm-none.win32_1.15.0.201708311556/tools/compiler/bin/../lib/gcc/arm-none-eabi/6.3.1/../../../../arm-none-eabi/lib/thumb/v7e-m/fpv4-sp/hard\libc.a(lib_a-errno.o)
                              src/syscalls.o (__errno)
c:/ac6/systemworkbench/plugins/fr.ac6.mcu.externaltools.arm-none.win32_1.15.0.201708311556/tools/compiler/bin/../lib/gcc/arm-none-eabi/6.3.1/../../../../arm-none-eabi/lib/thumb/v7e-m/fpv4-sp/hard\libc.a(lib_a-exit.o)
                              c:/ac6/systemworkbench/plugins/fr.ac6.mcu.externaltools.arm-none.win32_1.15.0.201708311556/tools/compiler/bin/../lib/gcc/arm-none-eabi/6.3.1/../../../../arm-none-eabi/lib/thumb/v7e-m/fpv4-sp/hard/crt0.o (exit)
c:/ac6/systemworkbench/plugins/fr.ac6.mcu.externaltools.arm-none.win32_1.15.0.201708311556/tools/compiler/bin/../lib/gcc/arm-none-eabi/6.3.1/../../../../arm-none-eabi/lib/thumb/v7e-m/fpv4-sp/hard\libc.a(lib_a-impure.o)
                              c:/ac6/systemworkbench/plugins/fr.ac6.mcu.externaltools.arm-none.win32_1.15.0.201708311556/tools/compiler/bin/../lib/gcc/arm-none-eabi/6.3.1/../../../../arm-none-eabi/lib/thumb/v7e-m/fpv4-sp/hard\libc.a(lib_a-exit.o) (_global_impure_ptr)
c:/ac6/systemworkbench/plugins/fr.ac6.mcu.externaltools.arm-none.win32_1.15.0.201708311556/tools/compiler/bin/../lib/gcc/arm-none-eabi/6.3.1/../../../../arm-none-eabi/lib/thumb/v7e-m/fpv4-sp/hard\libc.a(lib_a-init.o)
                              c:/ac6/systemworkbench/plugins/fr.ac6.mcu.externaltools.arm-none.win32_1.15.0.201708311556/tools/compiler/bin/../lib/gcc/arm-none-eabi/6.3.1/../../../../arm-none-eabi/lib/thumb/v7e-m/fpv4-sp/hard/crt0.o (__libc_init_array)
c:/ac6/systemworkbench/plugins/fr.ac6.mcu.externaltools.arm-none.win32_1.15.0.201708311556/tools/compiler/bin/../lib/gcc/arm-none-eabi/6.3.1/../../../../arm-none-eabi/lib/thumb/v7e-m/fpv4-sp/hard\libc.a(lib_a-memset.o)
                              c:/ac6/systemworkbench/plugins/fr.ac6.mcu.externaltools.arm-none.win32_1.15.0.201708311556/tools/compiler/bin/../lib/gcc/arm-none-eabi/6.3.1/../../../../arm-none-eabi/lib/thumb/v7e-m/fpv4-sp/hard/crt0.o (memset)
c:/ac6/systemworkbench/plugins/fr.ac6.mcu.externaltools.arm-none.win32_1.15.0.201708311556/tools/compiler/bin/../lib/gcc/arm-none-eabi/6.3.1/../../../../arm-none-eabi/lib/thumb/v7e-m/fpv4-sp/hard\libc.a(lib_a-time.o)
                              src/main.o (time)
c:/ac6/systemworkbench/plugins/fr.ac6.mcu.externaltools.arm-none.win32_1.15.0.201708311556/tools/compiler/bin/../lib/gcc/arm-none-eabi/6.3.1/../../../../arm-none-eabi/lib/thumb/v7e-m/fpv4-sp/hard\libc.a(lib_a-__call_atexit.o)
                              c:/ac6/systemworkbench/plugins/fr.ac6.mcu.externaltools.arm-none.win32_1.15.0.201708311556/tools/compiler/bin/../lib/gcc/arm-none-eabi/6.3.1/../../../../arm-none-eabi/lib/thumb/v7e-m/fpv4-sp/hard\libc.a(lib_a-exit.o) (__call_exitprocs)
c:/ac6/systemworkbench/plugins/fr.ac6.mcu.externaltools.arm-none.win32_1.15.0.201708311556/tools/compiler/bin/../lib/gcc/arm-none-eabi/6.3.1/../../../../arm-none-eabi/lib/thumb/v7e-m/fpv4-sp/hard\libc.a(lib_a-atexit.o)
                              c:/ac6/systemworkbench/plugins/fr.ac6.mcu.externaltools.arm-none.win32_1.15.0.201708311556/tools/compiler/bin/../lib/gcc/arm-none-eabi/6.3.1/../../../../arm-none-eabi/lib/thumb/v7e-m/fpv4-sp/hard\libc.a(lib_a-__call_atexit.o) (atexit)
c:/ac6/systemworkbench/plugins/fr.ac6.mcu.externaltools.arm-none.win32_1.15.0.201708311556/tools/compiler/bin/../lib/gcc/arm-none-eabi/6.3.1/../../../../arm-none-eabi/lib/thumb/v7e-m/fpv4-sp/hard\libc.a(lib_a-fini.o)
                              c:/ac6/systemworkbench/plugins/fr.ac6.mcu.externaltools.arm-none.win32_1.15.0.201708311556/tools/compiler/bin/../lib/gcc/arm-none-eabi/6.3.1/../../../../arm-none-eabi/lib/thumb/v7e-m/fpv4-sp/hard\libc.a(lib_a-__call_atexit.o) (__libc_fini_array)
c:/ac6/systemworkbench/plugins/fr.ac6.mcu.externaltools.arm-none.win32_1.15.0.201708311556/tools/compiler/bin/../lib/gcc/arm-none-eabi/6.3.1/../../../../arm-none-eabi/lib/thumb/v7e-m/fpv4-sp/hard\libc.a(lib_a-gettimeofdayr.o)
                              c:/ac6/systemworkbench/plugins/fr.ac6.mcu.externaltools.arm-none.win32_1.15.0.201708311556/tools/compiler/bin/../lib/gcc/arm-none-eabi/6.3.1/../../../../arm-none-eabi/lib/thumb/v7e-m/fpv4-sp/hard\libc.a(lib_a-time.o) (_gettimeofday_r)
c:/ac6/systemworkbench/plugins/fr.ac6.mcu.externaltools.arm-none.win32_1.15.0.201708311556/tools/compiler/bin/../lib/gcc/arm-none-eabi/6.3.1/../../../../arm-none-eabi/lib/thumb/v7e-m/fpv4-sp/hard\libc.a(lib_a-lock.o)
                              c:/ac6/systemworkbench/plugins/fr.ac6.mcu.externaltools.arm-none.win32_1.15.0.201708311556/tools/compiler/bin/../lib/gcc/arm-none-eabi/6.3.1/../../../../arm-none-eabi/lib/thumb/v7e-m/fpv4-sp/hard\libc.a(lib_a-__call_atexit.o) (__retarget_lock_acquire_recursive)
[...]
Memory Configuration

Name             Origin             Length             Attributes
*default*        0x00000000         0xffffffff

Linker script and memory map

LOAD c:/ac6/systemworkbench/plugins/fr.ac6.mcu.externaltools.arm-none.win32_1.15.0.201708311556/tools/compiler/bin/../lib/gcc/arm-none-eabi/6.3.1/thumb/v7e-m/fpv4-sp/hard/crti.o
LOAD c:/ac6/systemworkbench/plugins/fr.ac6.mcu.externaltools.arm-none.win32_1.15.0.201708311556/tools/compiler/bin/../lib/gcc/arm-none-eabi/6.3.1/thumb/v7e-m/fpv4-sp/hard/crtbegin.o
LOAD c:/ac6/systemworkbench/plugins/fr.ac6.mcu.externaltools.arm-none.win32_1.15.0.201708311556/tools/compiler/bin/../lib/gcc/arm-none-eabi/6.3.1/../../../../arm-none-eabi/lib/thumb/v7e-m/fpv4-sp/hard/crt0.o
LOAD StdPeriph_Driver/src/misc.o
LOAD StdPeriph_Driver/src/stm32f4xx_adc.o
LOAD StdPeriph_Driver/src/stm32f4xx_can.o
LOAD StdPeriph_Driver/src/stm32f4xx_crc.o
LOAD StdPeriph_Driver/src/stm32f4xx_cryp.o
LOAD StdPeriph_Driver/src/stm32f4xx_cryp_aes.o
LOAD StdPeriph_Driver/src/stm32f4xx_cryp_des.o
LOAD StdPeriph_Driver/src/stm32f4xx_cryp_tdes.o
LOAD StdPeriph_Driver/src/stm32f4xx_dac.o
LOAD StdPeriph_Driver/src/stm32f4xx_dbgmcu.o
LOAD StdPeriph_Driver/src/stm32f4xx_dcmi.o
LOAD StdPeriph_Driver/src/stm32f4xx_dma.o
LOAD StdPeriph_Driver/src/stm32f4xx_exti.o
LOAD StdPeriph_Driver/src/stm32f4xx_flash.o
LOAD StdPeriph_Driver/src/stm32f4xx_fsmc.o
LOAD StdPeriph_Driver/src/stm32f4xx_gpio.o
LOAD StdPeriph_Driver/src/stm32f4xx_hash.o
LOAD StdPeriph_Driver/src/stm32f4xx_hash_md5.o
LOAD StdPeriph_Driver/src/stm32f4xx_hash_sha1.o
LOAD StdPeriph_Driver/src/stm32f4xx_i2c.o
LOAD StdPeriph_Driver/src/stm32f4xx_iwdg.o
LOAD StdPeriph_Driver/src/stm32f4xx_pwr.o
LOAD StdPeriph_Driver/src/stm32f4xx_rcc.o
LOAD StdPeriph_Driver/src/stm32f4xx_rng.o
LOAD StdPeriph_Driver/src/stm32f4xx_rtc.o
LOAD StdPeriph_Driver/src/stm32f4xx_sdio.o
LOAD StdPeriph_Driver/src/stm32f4xx_spi.o
LOAD StdPeriph_Driver/src/stm32f4xx_syscfg.o
LOAD StdPeriph_Driver/src/stm32f4xx_tim.o
LOAD StdPeriph_Driver/src/stm32f4xx_usart.o
LOAD StdPeriph_Driver/src/stm32f4xx_wwdg.o
LOAD Utilities/stm32f4_discovery.o
LOAD Utilities/stm32f4_discovery_lis302dl.o
LOAD src/main.o
LOAD src/syscalls.o
LOAD src/system_stm32f4xx.o
LOAD src/tm_stm32f4_lis302dl_lis3dsh.o
LOAD startup/startup_stm32f4xx.o
LOAD c:/ac6/systemworkbench/plugins/fr.ac6.mcu.externaltools.arm-none.win32_1.15.0.201708311556/tools/compiler/bin/../lib/gcc/arm-none-eabi/6.3.1/../../../../arm-none-eabi/lib/thumb/v7e-m/fpv4-sp/hard\libm.a
START GROUP
LOAD c:/ac6/systemworkbench/plugins/fr.ac6.mcu.externaltools.arm-none.win32_1.15.0.201708311556/tools/compiler/bin/../lib/gcc/arm-none-eabi/6.3.1/thumb/v7e-m/fpv4-sp/hard\libgcc.a
LOAD c:/ac6/systemworkbench/plugins/fr.ac6.mcu.externaltools.arm-none.win32_1.15.0.201708311556/tools/compiler/bin/../lib/gcc/arm-none-eabi/6.3.1/../../../../arm-none-eabi/lib/thumb/v7e-m/fpv4-sp/hard\libc.a
END GROUP
LOAD c:/ac6/systemworkbench/plugins/fr.ac6.mcu.externaltools.arm-none.win32_1.15.0.201708311556/tools/compiler/bin/../lib/gcc/arm-none-eabi/6.3.1/thumb/v7e-m/fpv4-sp/hard/crtend.o
LOAD c:/ac6/systemworkbench/plugins/fr.ac6.mcu.externaltools.arm-none.win32_1.15.0.201708311556/tools/compiler/bin/../lib/gcc/arm-none-eabi/6.3.1/thumb/v7e-m/fpv4-sp/hard/crtn.o
                [!provide]                PROVIDE (__executable_start, SEGMENT_START ("text-segment", 0x8000))
                0x00008000                . = SEGMENT_START ("text-segment", 0x8000)

.interp
 *(.interp)

.note.gnu.build-id
 *(.note.gnu.build-id)

.hash
 *(.hash)

.gnu.hash
 *(.gnu.hash)

.dynsym
 *(.dynsym)

.dynstr
 *(.dynstr)

.gnu.version
 *(.gnu.version)

.gnu.version_d
 *(.gnu.version_d)

.gnu.version_r
 *(.gnu.version_r)

.rel.dyn        0x00008000        0x0
 *(.rel.init)
 *(.rel.text .rel.text.* .rel.gnu.linkonce.t.*)
 *(.rel.fini)
 *(.rel.rodata .rel.rodata.* .rel.gnu.linkonce.r.*)
 *(.rel.data.rel.ro .rel.data.rel.ro.* .rel.gnu.linkonce.d.rel.ro.*)
 *(.rel.data .rel.data.* .rel.gnu.linkonce.d.*)
 *(.rel.tdata .rel.tdata.* .rel.gnu.linkonce.td.*)
 *(.rel.tbss .rel.tbss.* .rel.gnu.linkonce.tb.*)
 *(.rel.ctors)
 *(.rel.dtors)
 *(.rel.got)
 *(.rel.bss .rel.bss.* .rel.gnu.linkonce.b.*)
                [!provide]                PROVIDE (__rel_iplt_start, .)
 *(.rel.iplt)
 .rel.iplt      0x00008000        0x0 c:/ac6/systemworkbench/plugins/fr.ac6.mcu.externaltools.arm-none.win32_1.15.0.201708311556/tools/compiler/bin/../lib/gcc/arm-none-eabi/6.3.1/thumb/v7e-m/fpv4-sp/hard/crtbegin.o
                [!provide]                PROVIDE (__rel_iplt_end, .)

.rela.dyn       0x00008000        0x0
 *(.rela.init)
 *(.rela.text .rela.text.* .rela.gnu.linkonce.t.*)
 *(.rela.fini)
 *(.rela.rodata .rela.rodata.* .rela.gnu.linkonce.r.*)
 *(.rela.data .rela.data.* .rela.gnu.linkonce.d.*)
 *(.rela.tdata .rela.tdata.* .rela.gnu.linkonce.td.*)
 *(.rela.tbss .rela.tbss.* .rela.gnu.linkonce.tb.*)
 *(.rela.ctors)
 *(.rela.dtors)
 *(.rela.got)
 *(.rela.bss .rela.bss.* .rela.gnu.linkonce.b.*)
                [!provide]                PROVIDE (__rela_iplt_start, .)
 *(.rela.iplt)
                [!provide]                PROVIDE (__rela_iplt_end, .)

.rel.plt
 *(.rel.plt)

.rela.plt
 *(.rela.plt)

.init           0x00008000        0xc
 *(SORT(.init))
 .init          0x00008000        0x4 c:/ac6/systemworkbench/plugins/fr.ac6.mcu.externaltools.arm-none.win32_1.15.0.201708311556/tools/compiler/bin/../lib/gcc/arm-none-eabi/6.3.1/thumb/v7e-m/fpv4-sp/hard/crti.o
                0x00008000                _init
 .init          0x00008004        0x8 c:/ac6/systemworkbench/plugins/fr.ac6.mcu.externaltools.arm-none.win32_1.15.0.201708311556/tools/compiler/bin/../lib/gcc/arm-none-eabi/6.3.1/thumb/v7e-m/fpv4-sp/hard/crtn.o

.plt
 *(.plt)

.iplt           0x0000800c        0x0
 *(.iplt)
 .iplt          0x0000800c        0x0 c:/ac6/systemworkbench/plugins/fr.ac6.mcu.externaltools.arm-none.win32_1.15.0.201708311556/tools/compiler/bin/../lib/gcc/arm-none-eabi/6.3.1/thumb/v7e-m/fpv4-sp/hard/crtbegin.o

.text           0x0000800c     0x187c
 *(.text.unlikely .text.*_unlikely .text.unlikely.*)
 *(.text.exit .text.exit.*)
 .text.exit     0x0000800c       0x20 c:/ac6/systemworkbench/plugins/fr.ac6.mcu.externaltools.arm-none.win32_1.15.0.201708311556/tools/compiler/bin/../lib/gcc/arm-none-eabi/6.3.1/../../../../arm-none-eabi/lib/thumb/v7e-m/fpv4-sp/hard\libc.a(lib_a-exit.o)
                0x0000800c                exit
 *(.text.startup .text.startup.*)
 .text.startup.register_fini
                0x0000802c       0x14 c:/ac6/systemworkbench/plugins/fr.ac6.mcu.externaltools.arm-none.win32_1.15.0.201708311556/tools/compiler/bin/../lib/gcc/arm-none-eabi/6.3.1/../../../../arm-none-eabi/lib/thumb/v7e-m/fpv4-sp/hard\libc.a(lib_a-__call_atexit.o)
 *(.text.hot .text.hot.*)
 *(.text .stub .text.* .gnu.linkonce.t.*)
 .text          0x00008040       0x6c c:/ac6/systemworkbench/plugins/fr.ac6.mcu.externaltools.arm-none.win32_1.15.0.201708311556/tools/compiler/bin/../lib/gcc/arm-none-eabi/6.3.1/thumb/v7e-m/fpv4-sp/hard/crtbegin.o
 .text          0x000080ac       0x74 c:/ac6/systemworkbench/plugins/fr.ac6.mcu.externaltools.arm-none.win32_1.15.0.201708311556/tools/compiler/bin/../lib/gcc/arm-none-eabi/6.3.1/../../../../arm-none-eabi/lib/thumb/v7e-m/fpv4-sp/hard/crt0.o
                0x000080ac                _start
                0x000080ac                _mainCRTStartup
 .text.GPIO_Init
                0x00008120      0x11c StdPeriph_Driver/src/stm32f4xx_gpio.o
                0x00008120                GPIO_Init
 .text.GPIO_PinAFConfig
                0x0000823c       0x92 StdPeriph_Driver/src/stm32f4xx_gpio.o
                0x0000823c                GPIO_PinAFConfig
 *fill*         0x000082ce        0x2 
 .text.RCC_GetClocksFreq
                0x000082d0      0x150 StdPeriph_Driver/src/stm32f4xx_rcc.o
                0x000082d0                RCC_GetClocksFreq
 .text.RCC_AHB1PeriphClockCmd
                0x00008420       0x40 StdPeriph_Driver/src/stm32f4xx_rcc.o
                0x00008420                RCC_AHB1PeriphClockCmd
 .text.RCC_APB1PeriphClockCmd
                0x00008460       0x40 StdPeriph_Driver/src/stm32f4xx_rcc.o
                0x00008460                RCC_APB1PeriphClockCmd
 .text.RCC_APB2PeriphClockCmd
                0x000084a0       0x40 StdPeriph_Driver/src/stm32f4xx_rcc.o
                0x000084a0                RCC_APB2PeriphClockCmd
 .text.RCC_APB1PeriphResetCmd
                0x000084e0       0x40 StdPeriph_Driver/src/stm32f4xx_rcc.o
                0x000084e0                RCC_APB1PeriphResetCmd
 .text.RCC_APB2PeriphResetCmd
                0x00008520       0x40 StdPeriph_Driver/src/stm32f4xx_rcc.o
                0x00008520                RCC_APB2PeriphResetCmd
 .text.SPI_I2S_DeInit
                0x00008560       0x74 StdPeriph_Driver/src/stm32f4xx_spi.o
                0x00008560                SPI_I2S_DeInit
 .text.SPI_Init
                0x000085d4       0x88 StdPeriph_Driver/src/stm32f4xx_spi.o
                0x000085d4                SPI_Init
 .text.SPI_Cmd  0x0000865c       0x40 StdPeriph_Driver/src/stm32f4xx_spi.o
                0x0000865c                SPI_Cmd
 .text.USART_Init
                0x0000869c      0x174 StdPeriph_Driver/src/stm32f4xx_usart.o
                0x0000869c                USART_Init
 .text.USART_Cmd
                0x00008810       0x40 StdPeriph_Driver/src/stm32f4xx_usart.o
                0x00008810                USART_Cmd
 .text.USART_SendData
                0x00008850       0x24 StdPeriph_Driver/src/stm32f4xx_usart.o
                0x00008850                USART_SendData
 .text.USART_GetFlagStatus
                0x00008874       0x38 StdPeriph_Driver/src/stm32f4xx_usart.o
                0x00008874                USART_GetFlagStatus
 .text.newStep  0x000088ac       0x9c src/main.o
                0x000088ac                newStep
 .text.main     0x00008948      0x460 src/main.o
                0x00008948                main
 .text._kill    0x00008da8       0x20 src/syscalls.o
                0x00008da8                _kill
 .text._exit    0x00008dc8       0x14 src/syscalls.o
                0x00008dc8                _exit
 .text.TM_SPI_ReadMulti
                0x00008ddc       0x94 src/tm_stm32f4_lis302dl_lis3dsh.o
                0x00008ddc                TM_SPI_ReadMulti
 .text.TM_SPI_WriteMulti
                0x00008e70       0x8a src/tm_stm32f4_lis302dl_lis3dsh.o
                0x00008e70                TM_SPI_WriteMulti
 .text.TM_SPI_Send
                0x00008efa       0x76 src/tm_stm32f4_lis302dl_lis3dsh.o
                0x00008efa                TM_SPI_Send
 .text.TM_LIS302DL_LIS3DSH_Detect
                0x00008f70       0x48 src/tm_stm32f4_lis302dl_lis3dsh.o
                0x00008f70                TM_LIS302DL_LIS3DSH_Detect
 .text.TM_LIS302DL_LIS3DSH_Init
                0x00008fb8       0x60 src/tm_stm32f4_lis302dl_lis3dsh.o
                0x00008fb8                TM_LIS302DL_LIS3DSH_Init
 .text.TM_LIS302DL_LIS3DSH_ReadAxes
                0x00009018       0x3c src/tm_stm32f4_lis302dl_lis3dsh.o
                0x00009018                TM_LIS302DL_LIS3DSH_ReadAxes
 .text.TM_LIS302DL_LIS3DSH_INT_InitPins
                0x00009054       0xe4 src/tm_stm32f4_lis302dl_lis3dsh.o
                0x00009054                TM_LIS302DL_LIS3DSH_INT_InitPins
 .text.TM_LIS302DL_LIS3DSH_INT_WriteSPI
                0x00009138       0x5c src/tm_stm32f4_lis302dl_lis3dsh.o
                0x00009138                TM_LIS302DL_LIS3DSH_INT_WriteSPI
 .text.TM_LIS302DL_LIS3DSH_INT_ReadSPI
                0x00009194       0x58 src/tm_stm32f4_lis302dl_lis3dsh.o
                0x00009194                TM_LIS302DL_LIS3DSH_INT_ReadSPI
 .text.TM_LIS302DL_LIS3DSH_INT_InitLIS3DSH
                0x000091ec      0x108 src/tm_stm32f4_lis302dl_lis3dsh.o
                0x000091ec                TM_LIS302DL_LIS3DSH_INT_InitLIS3DSH
 .text.TM_LIS302DL_LIS3DSH_INT_InitLIS302DL
                0x000092f4       0xfc src/tm_stm32f4_lis302dl_lis3dsh.o
                0x000092f4                TM_LIS302DL_LIS3DSH_INT_InitLIS302DL
 .text.TM_LIS3DSH_INT_ReadAxes
                0x000093f0       0xbc src/tm_stm32f4_lis302dl_lis3dsh.o
                0x000093f0                TM_LIS3DSH_INT_ReadAxes
 .text.TM_LIS302DL_INT_ReadAxes
                0x000094ac       0x78 src/tm_stm32f4_lis302dl_lis3dsh.o
                0x000094ac                TM_LIS302DL_INT_ReadAxes
 .text.TM_LIS302DL_LIS3DSH_INT_Delay
                0x00009524       0x28 src/tm_stm32f4_lis302dl_lis3dsh.o
                0x00009524                TM_LIS302DL_LIS3DSH_INT_Delay
 .text.__errno  0x0000954c        0xc c:/ac6/systemworkbench/plugins/fr.ac6.mcu.externaltools.arm-none.win32_1.15.0.201708311556/tools/compiler/bin/../lib/gcc/arm-none-eabi/6.3.1/../../../../arm-none-eabi/lib/thumb/v7e-m/fpv4-sp/hard\libc.a(lib_a-errno.o)
                0x0000954c                __errno
 .text.__libc_init_array
                0x00009558       0x50 c:/ac6/systemworkbench/plugins/fr.ac6.mcu.externaltools.arm-none.win32_1.15.0.201708311556/tools/compiler/bin/../lib/gcc/arm-none-eabi/6.3.1/../../../../arm-none-eabi/lib/thumb/v7e-m/fpv4-sp/hard\libc.a(lib_a-init.o)
                0x00009558                __libc_init_array
 .text.memset   0x000095a8       0x9c c:/ac6/systemworkbench/plugins/fr.ac6.mcu.externaltools.arm-none.win32_1.15.0.201708311556/tools/compiler/bin/../lib/gcc/arm-none-eabi/6.3.1/../../../../arm-none-eabi/lib/thumb/v7e-m/fpv4-sp/hard\libc.a(lib_a-memset.o)
                0x000095a8                memset
 .text.time     0x00009644       0x28 c:/ac6/systemworkbench/plugins/fr.ac6.mcu.externaltools.arm-none.win32_1.15.0.201708311556/tools/compiler/bin/../lib/gcc/arm-none-eabi/6.3.1/../../../../arm-none-eabi/lib/thumb/v7e-m/fpv4-sp/hard\libc.a(lib_a-time.o)
                0x00009644                time
 .text.__call_exitprocs
                0x0000966c       0xe8 c:/ac6/systemworkbench/plugins/fr.ac6.mcu.externaltools.arm-none.win32_1.15.0.201708311556/tools/compiler/bin/../lib/gcc/arm-none-eabi/6.3.1/../../../../arm-none-eabi/lib/thumb/v7e-m/fpv4-sp/hard\libc.a(lib_a-__call_atexit.o)
                0x0000966c                __call_exitprocs
 .text.atexit   0x00009754        0xc c:/ac6/systemworkbench/plugins/fr.ac6.mcu.externaltools.arm-none.win32_1.15.0.201708311556/tools/compiler/bin/../lib/gcc/arm-none-eabi/6.3.1/../../../../arm-none-eabi/lib/thumb/v7e-m/fpv4-sp/hard\libc.a(lib_a-atexit.o)
                0x00009754                atexit
 .text.__libc_fini_array
                0x00009760       0x34 c:/ac6/systemworkbench/plugins/fr.ac6.mcu.externaltools.arm-none.win32_1.15.0.201708311556/tools/compiler/bin/../lib/gcc/arm-none-eabi/6.3.1/../../../../arm-none-eabi/lib/thumb/v7e-m/fpv4-sp/hard\libc.a(lib_a-fini.o)
                0x00009760                __libc_fini_array
 .text._gettimeofday_r
                0x00009794       0x28 c:/ac6/systemworkbench/plugins/fr.ac6.mcu.externaltools.arm-none.win32_1.15.0.201708311556/tools/compiler/bin/../lib/gcc/arm-none-eabi/6.3.1/../../../../arm-none-eabi/lib/thumb/v7e-m/fpv4-sp/hard\libc.a(lib_a-gettimeofdayr.o)
                0x00009794                _gettimeofday_r
 .text.__retarget_lock_acquire_recursive
                0x000097bc        0x4 c:/ac6/systemworkbench/plugins/fr.ac6.mcu.externaltools.arm-none.win32_1.15.0.201708311556/tools/compiler/bin/../lib/gcc/arm-none-eabi/6.3.1/../../../../arm-none-eabi/lib/thumb/v7e-m/fpv4-sp/hard\libc.a(lib_a-lock.o)
                0x000097bc                __retarget_lock_acquire_recursive
 .text.__retarget_lock_release_recursive
                0x000097c0        0x4 c:/ac6/systemworkbench/plugins/fr.ac6.mcu.externaltools.arm-none.win32_1.15.0.201708311556/tools/compiler/bin/../lib/gcc/arm-none-eabi/6.3.1/../../../../arm-none-eabi/lib/thumb/v7e-m/fpv4-sp/hard\libc.a(lib_a-lock.o)
                0x000097c0                __retarget_lock_release_recursive
 .text.__register_exitproc
                0x000097c4       0xc4 c:/ac6/systemworkbench/plugins/fr.ac6.mcu.externaltools.arm-none.win32_1.15.0.201708311556/tools/compiler/bin/../lib/gcc/arm-none-eabi/6.3.1/../../../../arm-none-eabi/lib/thumb/v7e-m/fpv4-sp/hard\libc.a(lib_a-__atexit.o)
                0x000097c4                __register_exitproc
 *(.gnu.warning)
 *(.glue_7t)
 .glue_7t       0x00009888        0x0 linker stubs
 *(.glue_7)
 .glue_7        0x00009888        0x0 linker stubs
 *(.vfp11_veneer)
 .vfp11_veneer  0x00009888        0x0 linker stubs
 *(.v4_bx)
 .v4_bx         0x00009888        0x0 linker stubs

.fini           0x00009888        0xc
 *(SORT(.fini))
 .fini          0x00009888        0x4 c:/ac6/systemworkbench/plugins/fr.ac6.mcu.externaltools.arm-none.win32_1.15.0.201708311556/tools/compiler/bin/../lib/gcc/arm-none-eabi/6.3.1/thumb/v7e-m/fpv4-sp/hard/crti.o
                0x00009888                _fini
 .fini          0x0000988c        0x8 c:/ac6/systemworkbench/plugins/fr.ac6.mcu.externaltools.arm-none.win32_1.15.0.201708311556/tools/compiler/bin/../lib/gcc/arm-none-eabi/6.3.1/thumb/v7e-m/fpv4-sp/hard/crtn.o
                [!provide]                PROVIDE (__etext, .)
                [!provide]                PROVIDE (_etext, .)
                [!provide]                PROVIDE (etext, .)

.rodata         0x00009894        0x4
 *(.rodata .rodata.* .gnu.linkonce.r.*)
 .rodata._global_impure_ptr
                0x00009894        0x4 c:/ac6/systemworkbench/plugins/fr.ac6.mcu.externaltools.arm-none.win32_1.15.0.201708311556/tools/compiler/bin/../lib/gcc/arm-none-eabi/6.3.1/../../../../arm-none-eabi/lib/thumb/v7e-m/fpv4-sp/hard\libc.a(lib_a-impure.o)
                0x00009894                _global_impure_ptr

.rodata1
 *(.rodata1)

.ARM.extab
 *(.ARM.extab* .gnu.linkonce.armextab.*)
                [!provide]                PROVIDE (__exidx_start, .)

.ARM.exidx      0x00009898        0x8
 *(.ARM.exidx* .gnu.linkonce.armexidx.*)
 .ARM.exidx     0x00009898        0x8 c:/ac6/systemworkbench/plugins/fr.ac6.mcu.externaltools.arm-none.win32_1.15.0.201708311556/tools/compiler/bin/../lib/gcc/arm-none-eabi/6.3.1/../../../../arm-none-eabi/lib/thumb/v7e-m/fpv4-sp/hard/crt0.o
                [!provide]                PROVIDE (__exidx_end, .)

.eh_frame_hdr
 *(.eh_frame_hdr)
 *(.eh_frame_entry .eh_frame_entry.*)

.eh_frame       0x000098a0        0x4
 *(.eh_frame)
 .eh_frame      0x000098a0        0x0 c:/ac6/systemworkbench/plugins/fr.ac6.mcu.externaltools.arm-none.win32_1.15.0.201708311556/tools/compiler/bin/../lib/gcc/arm-none-eabi/6.3.1/thumb/v7e-m/fpv4-sp/hard/crtbegin.o
 .eh_frame      0x000098a0        0x4 c:/ac6/systemworkbench/plugins/fr.ac6.mcu.externaltools.arm-none.win32_1.15.0.201708311556/tools/compiler/bin/../lib/gcc/arm-none-eabi/6.3.1/thumb/v7e-m/fpv4-sp/hard/crtend.o
 *(.eh_frame.*)

.gcc_except_table
 *(.gcc_except_table .gcc_except_table.*)

.gnu_extab
 *(.gnu_extab*)

.exception_ranges
 *(.exception_ranges .exception_ranges*)
                0x000198a4                . = (ALIGN (CONSTANT (MAXPAGESIZE)) + (. & (CONSTANT (MAXPAGESIZE) - 0x1)))

.eh_frame
 *(.eh_frame)
 *(.eh_frame.*)

.gnu_extab
 *(.gnu_extab)

.gcc_except_table
 *(.gcc_except_table .gcc_except_table.*)

.exception_ranges
 *(.exception_ranges .exception_ranges*)

.tdata
 *(.tdata .tdata.* .gnu.linkonce.td.*)

.tbss
 *(.tbss .tbss.* .gnu.linkonce.tb.*)
 *(.tcommon)

.preinit_array  0x000198a4        0x0
                0x000198a4                PROVIDE (__preinit_array_start, .)
 *(.preinit_array)
                0x000198a4                PROVIDE (__preinit_array_end, .)

.init_array     0x000198a4        0x8
                0x000198a4                PROVIDE (__init_array_start, .)
 *(SORT(.init_array.*) SORT(.ctors.*))
 .init_array.00000
                0x000198a4        0x4 c:/ac6/systemworkbench/plugins/fr.ac6.mcu.externaltools.arm-none.win32_1.15.0.201708311556/tools/compiler/bin/../lib/gcc/arm-none-eabi/6.3.1/../../../../arm-none-eabi/lib/thumb/v7e-m/fpv4-sp/hard\libc.a(lib_a-__call_atexit.o)
 *(.init_array EXCLUDE_FILE(*crtend?.o *crtend.o *crtbegin?.o *crtbegin.o) .ctors)
 .init_array    0x000198a8        0x4 c:/ac6/systemworkbench/plugins/fr.ac6.mcu.externaltools.arm-none.win32_1.15.0.201708311556/tools/compiler/bin/../lib/gcc/arm-none-eabi/6.3.1/thumb/v7e-m/fpv4-sp/hard/crtbegin.o
                0x000198ac                PROVIDE (__init_array_end, .)

.fini_array     0x000198ac        0x4
                0x000198ac                PROVIDE (__fini_array_start, .)
 *(SORT(.fini_array.*) SORT(.dtors.*))
 *(.fini_array EXCLUDE_FILE(*crtend?.o *crtend.o *crtbegin?.o *crtbegin.o) .dtors)
 .fini_array    0x000198ac        0x4 c:/ac6/systemworkbench/plugins/fr.ac6.mcu.externaltools.arm-none.win32_1.15.0.201708311556/tools/compiler/bin/../lib/gcc/arm-none-eabi/6.3.1/thumb/v7e-m/fpv4-sp/hard/crtbegin.o
                0x000198b0                PROVIDE (__fini_array_end, .)

.ctors
 *crtbegin.o(.ctors)
 *crtbegin?.o(.ctors)
 *(EXCLUDE_FILE(*crtend?.o *crtend.o) .ctors)
 *(SORT(.ctors.*))
 *(.ctors)

.dtors
 *crtbegin.o(.dtors)
 *crtbegin?.o(.dtors)
 *(EXCLUDE_FILE(*crtend?.o *crtend.o) .dtors)
 *(SORT(.dtors.*))
 *(.dtors)

.jcr            0x000198b0        0x4
 *(.jcr)
 .jcr           0x000198b0        0x0 c:/ac6/systemworkbench/plugins/fr.ac6.mcu.externaltools.arm-none.win32_1.15.0.201708311556/tools/compiler/bin/../lib/gcc/arm-none-eabi/6.3.1/thumb/v7e-m/fpv4-sp/hard/crtbegin.o
 .jcr           0x000198b0        0x4 c:/ac6/systemworkbench/plugins/fr.ac6.mcu.externaltools.arm-none.win32_1.15.0.201708311556/tools/compiler/bin/../lib/gcc/arm-none-eabi/6.3.1/thumb/v7e-m/fpv4-sp/hard/crtend.o

.data.rel.ro
 *(.data.rel.ro.local* .gnu.linkonce.d.rel.ro.local.*)
 *(.data.rel.ro .data.rel.ro.* .gnu.linkonce.d.rel.ro.*)

.dynamic
 *(.dynamic)

.got            0x000198b4        0x0
 *(.got.plt)
 *(.igot.plt)
 .igot.plt      0x000198b4        0x0 c:/ac6/systemworkbench/plugins/fr.ac6.mcu.externaltools.arm-none.win32_1.15.0.201708311556/tools/compiler/bin/../lib/gcc/arm-none-eabi/6.3.1/thumb/v7e-m/fpv4-sp/hard/crtbegin.o
 *(.got)
 *(.igot)

.data           0x000198b8      0x444
                0x000198b8                __data_start = .
 *(.data .data.* .gnu.linkonce.d.*)
 .data          0x000198b8       0x10 StdPeriph_Driver/src/stm32f4xx_rcc.o
 .data          0x000198c8        0x4 src/main.o
                0x000198c8                MAX_VALUE
 .data._impure_ptr
                0x000198cc        0x4 c:/ac6/systemworkbench/plugins/fr.ac6.mcu.externaltools.arm-none.win32_1.15.0.201708311556/tools/compiler/bin/../lib/gcc/arm-none-eabi/6.3.1/../../../../arm-none-eabi/lib/thumb/v7e-m/fpv4-sp/hard\libc.a(lib_a-impure.o)
                0x000198cc                _impure_ptr
 .data.impure_data
                0x000198d0      0x428 c:/ac6/systemworkbench/plugins/fr.ac6.mcu.externaltools.arm-none.win32_1.15.0.201708311556/tools/compiler/bin/../lib/gcc/arm-none-eabi/6.3.1/../../../../arm-none-eabi/lib/thumb/v7e-m/fpv4-sp/hard\libc.a(lib_a-impure.o)
 .data.__atexit_recursive_mutex
                0x00019cf8        0x4 c:/ac6/systemworkbench/plugins/fr.ac6.mcu.externaltools.arm-none.win32_1.15.0.201708311556/tools/compiler/bin/../lib/gcc/arm-none-eabi/6.3.1/../../../../arm-none-eabi/lib/thumb/v7e-m/fpv4-sp/hard\libc.a(lib_a-__call_atexit.o)
                0x00019cf8                __atexit_recursive_mutex

.data1
 *(.data1)
                0x00019cfc                _edata = .
                [!provide]                PROVIDE (edata, .)
                0x00019cfc                . = .
                0x00019cfc                __bss_start = .
                0x00019cfc                __bss_start__ = .

.bss            0x00019cfc       0xe8
 *(.dynbss)
 *(.bss .bss.* .gnu.linkonce.b.*)
 .bss           0x00019cfc       0x1c c:/ac6/systemworkbench/plugins/fr.ac6.mcu.externaltools.arm-none.win32_1.15.0.201708311556/tools/compiler/bin/../lib/gcc/arm-none-eabi/6.3.1/thumb/v7e-m/fpv4-sp/hard/crtbegin.o
 .bss           0x00019d18        0x4 src/main.o
                0x00019d18                p
 .bss           0x00019d1c        0x2 src/tm_stm32f4_lis302dl_lis3dsh.o
                0x00019d1c                TM_LIS302DL_LIS3DSH_INT_Device
 *(COMMON)
 *fill*         0x00019d1e        0x2 
 COMMON         0x00019d20       0x98 src/main.o
                0x00019d20                y_min
                0x00019d24                old_time
                0x00019d28                z_th
                0x00019d2c                x
                0x00019d3c                x_min
                0x00019d40                x_result
                0x00019d44                current_time
                0x00019d48                x_old
                0x00019d4c                z_new
                0x00019d50                z_old
                0x00019d54                y_th_abs
                0x00019d58                y_old
                0x00019d5c                new_time
                0x00019d60                x_th
                0x00019d64                x_new
                0x00019d68                z_min
                0x00019d6c                y_max
                0x00019d70                y_result
                0x00019d74                z
                0x00019d84                y_th
                0x00019d88                Axes_Data
                0x00019d90                z_max
                0x00019d94                y_new
                0x00019d98                y
                0x00019da8                z_th_abs
                0x00019dac                x_max
                0x00019db0                x_th_abs
                0x00019db4                z_result
 COMMON         0x00019db8        0x4 src/tm_stm32f4_lis302dl_lis3dsh.o
                0x00019db8                TM_LIS3DSH_INT_Sensitivity
 COMMON         0x00019dbc       0x21 c:/ac6/systemworkbench/plugins/fr.ac6.mcu.externaltools.arm-none.win32_1.15.0.201708311556/tools/compiler/bin/../lib/gcc/arm-none-eabi/6.3.1/../../../../arm-none-eabi/lib/thumb/v7e-m/fpv4-sp/hard\libc.a(lib_a-lock.o)
                0x00019dbc                __lock___atexit_recursive_mutex
                0x00019dc0                __lock___arc4random_mutex
                0x00019dc4                __lock___env_recursive_mutex
                0x00019dc8                __lock___sinit_recursive_mutex
                0x00019dcc                __lock___malloc_recursive_mutex
                0x00019dd0                __lock___at_quick_exit_mutex
                0x00019dd4                __lock___dd_hash_mutex
                0x00019dd8                __lock___tz_mutex
                0x00019ddc                __lock___sfp_recursive_mutex
 *fill*         0x00019ddd        0x3 
 COMMON         0x00019de0        0x4 c:/ac6/systemworkbench/plugins/fr.ac6.mcu.externaltools.arm-none.win32_1.15.0.201708311556/tools/compiler/bin/../lib/gcc/arm-none-eabi/6.3.1/../../../../arm-none-eabi/lib/thumb/v7e-m/fpv4-sp/hard\libc.a(lib_a-reent.o)
                0x00019de0                errno
                0x00019de4                . = ALIGN ((. != 0x0)?0x4:0x1)
                0x00019de4                _bss_end__ = .
                0x00019de4                __bss_end__ = .
                0x00019de4                . = ALIGN (0x4)
                0x00019de4                . = SEGMENT_START ("ldata-segment", .)
                0x00019de4                . = ALIGN (0x4)
                0x00019de4                __end__ = .
                0x00019de4                _end = .
                0x00019de4                PROVIDE (end, .)

.stab
 *(.stab)

.stabstr
 *(.stabstr)

.stab.excl
 *(.stab.excl)

.stab.exclstr
 *(.stab.exclstr)

.stab.index
 *(.stab.index)

.stab.indexstr
 *(.stab.indexstr)

.comment        0x00000000       0x7f
 *(.comment)
 .comment       0x00000000       0x7f StdPeriph_Driver/src/misc.o
                                 0x80 (size before relaxing)
 .comment       0x0000007f       0x80 StdPeriph_Driver/src/stm32f4xx_adc.o
 .comment       0x0000007f       0x80 StdPeriph_Driver/src/stm32f4xx_can.o
 .comment       0x0000007f       0x80 StdPeriph_Driver/src/stm32f4xx_crc.o
 .comment       0x0000007f       0x80 StdPeriph_Driver/src/stm32f4xx_cryp.o
 .comment       0x0000007f       0x80 StdPeriph_Driver/src/stm32f4xx_cryp_aes.o
 .comment       0x0000007f       0x80 StdPeriph_Driver/src/stm32f4xx_cryp_des.o
 .comment       0x0000007f       0x80 StdPeriph_Driver/src/stm32f4xx_cryp_tdes.o
 .comment       0x0000007f       0x80 StdPeriph_Driver/src/stm32f4xx_dac.o
 .comment       0x0000007f       0x80 StdPeriph_Driver/src/stm32f4xx_dbgmcu.o
 .comment       0x0000007f       0x80 StdPeriph_Driver/src/stm32f4xx_dcmi.o
 .comment       0x0000007f       0x80 StdPeriph_Driver/src/stm32f4xx_dma.o
 .comment       0x0000007f       0x80 StdPeriph_Driver/src/stm32f4xx_exti.o
 .comment       0x0000007f       0x80 StdPeriph_Driver/src/stm32f4xx_flash.o
 .comment       0x0000007f       0x80 StdPeriph_Driver/src/stm32f4xx_fsmc.o
 .comment       0x0000007f       0x80 StdPeriph_Driver/src/stm32f4xx_gpio.o
 .comment       0x0000007f       0x80 StdPeriph_Driver/src/stm32f4xx_hash.o
 .comment       0x0000007f       0x80 StdPeriph_Driver/src/stm32f4xx_hash_md5.o
 .comment       0x0000007f       0x80 StdPeriph_Driver/src/stm32f4xx_hash_sha1.o
 .comment       0x0000007f       0x80 StdPeriph_Driver/src/stm32f4xx_i2c.o
 .comment       0x0000007f       0x80 StdPeriph_Driver/src/stm32f4xx_iwdg.o
 .comment       0x0000007f       0x80 StdPeriph_Driver/src/stm32f4xx_pwr.o
 .comment       0x0000007f       0x80 StdPeriph_Driver/src/stm32f4xx_rcc.o
 .comment       0x0000007f       0x80 StdPeriph_Driver/src/stm32f4xx_rng.o
 .comment       0x0000007f       0x80 StdPeriph_Driver/src/stm32f4xx_rtc.o
 .comment       0x0000007f       0x80 StdPeriph_Driver/src/stm32f4xx_sdio.o
 .comment       0x0000007f       0x80 StdPeriph_Driver/src/stm32f4xx_spi.o
 .comment       0x0000007f       0x80 StdPeriph_Driver/src/stm32f4xx_syscfg.o
 .comment       0x0000007f       0x80 StdPeriph_Driver/src/stm32f4xx_tim.o
 .comment       0x0000007f       0x80 StdPeriph_Driver/src/stm32f4xx_usart.o
 .comment       0x0000007f       0x80 StdPeriph_Driver/src/stm32f4xx_wwdg.o
 .comment       0x0000007f       0x80 Utilities/stm32f4_discovery.o
 .comment       0x0000007f       0x80 Utilities/stm32f4_discovery_lis302dl.o
 .comment       0x0000007f       0x80 src/main.o
 .comment       0x0000007f       0x80 src/syscalls.o
 .comment       0x0000007f       0x80 src/system_stm32f4xx.o
 .comment       0x0000007f       0x80 src/tm_stm32f4_lis302dl_lis3dsh.o

.debug
 *(.debug)

.line
 *(.line)

.debug_srcinfo
 *(.debug_srcinfo)

.debug_sfnames
 *(.debug_sfnames)

.debug_aranges  0x00000000     0x1800
 *(.debug_aranges)
 .debug_aranges
                0x00000000       0x40 StdPeriph_Driver/src/misc.o
 .debug_aranges
                0x00000040      0x148 StdPeriph_Driver/src/stm32f4xx_adc.o
 .debug_aranges
                0x00000188       0xe0 StdPeriph_Driver/src/stm32f4xx_can.o
 .debug_aranges
                0x00000268       0x48 StdPeriph_Driver/src/stm32f4xx_crc.o
 .debug_aranges
                0x000002b0       0xa0 StdPeriph_Driver/src/stm32f4xx_cryp.o
 .debug_aranges
                0x00000350       0x30 StdPeriph_Driver/src/stm32f4xx_cryp_aes.o
 .debug_aranges
                0x00000380       0x28 StdPeriph_Driver/src/stm32f4xx_cryp_des.o
 .debug_aranges
                0x000003a8       0x28 StdPeriph_Driver/src/stm32f4xx_cryp_tdes.o
 .debug_aranges
                0x000003d0       0xa0 StdPeriph_Driver/src/stm32f4xx_dac.o
 .debug_aranges
                0x00000470       0x40 StdPeriph_Driver/src/stm32f4xx_dbgmcu.o
 .debug_aranges
                0x000004b0       0x90 StdPeriph_Driver/src/stm32f4xx_dcmi.o
 .debug_aranges
                0x00000540       0xb0 StdPeriph_Driver/src/stm32f4xx_dma.o
 .debug_aranges
                0x000005f0       0x58 StdPeriph_Driver/src/stm32f4xx_exti.o
 .debug_aranges
                0x00000648      0x108 StdPeriph_Driver/src/stm32f4xx_flash.o
 .debug_aranges
                0x00000750       0xb0 StdPeriph_Driver/src/stm32f4xx_fsmc.o
 .debug_aranges
                0x00000800       0x88 StdPeriph_Driver/src/stm32f4xx_gpio.o
 .debug_aranges
                0x00000888       0xa0 StdPeriph_Driver/src/stm32f4xx_hash.o
 .debug_aranges
                0x00000928       0x28 StdPeriph_Driver/src/stm32f4xx_hash_md5.o
 .debug_aranges
                0x00000950       0x28 StdPeriph_Driver/src/stm32f4xx_hash_sha1.o
 .debug_aranges
                0x00000978      0x120 StdPeriph_Driver/src/stm32f4xx_i2c.o
 .debug_aranges
                0x00000a98       0x48 StdPeriph_Driver/src/stm32f4xx_iwdg.o
 .debug_aranges
                0x00000ae0       0x78 StdPeriph_Driver/src/stm32f4xx_pwr.o
 .debug_aranges
                0x00000b58      0x178 StdPeriph_Driver/src/stm32f4xx_rcc.o
 .debug_aranges
                0x00000cd0       0x58 StdPeriph_Driver/src/stm32f4xx_rng.o
 .debug_aranges
                0x00000d28      0x1e0 StdPeriph_Driver/src/stm32f4xx_rtc.o
 .debug_aranges
                0x00000f08      0x108 StdPeriph_Driver/src/stm32f4xx_sdio.o
 .debug_aranges
                0x00001010       0xe0 StdPeriph_Driver/src/stm32f4xx_spi.o
 .debug_aranges
                0x000010f0       0x48 StdPeriph_Driver/src/stm32f4xx_syscfg.o
 .debug_aranges
                0x00001138      0x2f8 StdPeriph_Driver/src/stm32f4xx_tim.o
 .debug_aranges
                0x00001430      0x100 StdPeriph_Driver/src/stm32f4xx_usart.o
 .debug_aranges
                0x00001530       0x58 StdPeriph_Driver/src/stm32f4xx_wwdg.o
 .debug_aranges
                0x00001588       0x48 Utilities/stm32f4_discovery.o
 .debug_aranges
                0x000015d0       0x78 Utilities/stm32f4_discovery_lis302dl.o
 .debug_aranges
                0x00001648       0x28 src/main.o
 .debug_aranges
                0x00001670       0xb0 src/syscalls.o
 .debug_aranges
                0x00001720       0x30 src/system_stm32f4xx.o
 .debug_aranges
                0x00001750       0x88 src/tm_stm32f4_lis302dl_lis3dsh.o
 .debug_aranges
                0x000017d8       0x28 startup/startup_stm32f4xx.o

.debug_pubnames
 *(.debug_pubnames)

.debug_info     0x00000000    0x132c7
 *(.debug_info .gnu.linkonce.wi.*)
 .debug_info    0x00000000      0x551 StdPeriph_Driver/src/misc.o
 .debug_info    0x00000551      0xc53 StdPeriph_Driver/src/stm32f4xx_adc.o
 .debug_info    0x000011a4      0xbb3 StdPeriph_Driver/src/stm32f4xx_can.o
 .debug_info    0x00001d57      0x21b StdPeriph_Driver/src/stm32f4xx_crc.o
 .debug_info    0x00001f72      0x736 StdPeriph_Driver/src/stm32f4xx_cryp.o
 .debug_info    0x000026a8     0x1171 StdPeriph_Driver/src/stm32f4xx_cryp_aes.o
 .debug_info    0x00003819      0x571 StdPeriph_Driver/src/stm32f4xx_cryp_des.o
 .debug_info    0x00003d8a      0x6f0 StdPeriph_Driver/src/stm32f4xx_cryp_tdes.o
 .debug_info    0x0000447a      0x655 StdPeriph_Driver/src/stm32f4xx_dac.o
 .debug_info    0x00004acf      0x1f3 StdPeriph_Driver/src/stm32f4xx_dbgmcu.o
 .debug_info    0x00004cc2      0x567 StdPeriph_Driver/src/stm32f4xx_dcmi.o
 .debug_info    0x00005229      0x750 StdPeriph_Driver/src/stm32f4xx_dma.o
 .debug_info    0x00005979      0x36a StdPeriph_Driver/src/stm32f4xx_exti.o
 .debug_info    0x00005ce3      0x736 StdPeriph_Driver/src/stm32f4xx_flash.o
 .debug_info    0x00006419      0x90c StdPeriph_Driver/src/stm32f4xx_fsmc.o
 .debug_info    0x00006d25      0x629 StdPeriph_Driver/src/stm32f4xx_gpio.o
 .debug_info    0x0000734e      0x579 StdPeriph_Driver/src/stm32f4xx_hash.o
 .debug_info    0x000078c7      0x509 StdPeriph_Driver/src/stm32f4xx_hash_md5.o
 .debug_info    0x00007dd0      0x569 StdPeriph_Driver/src/stm32f4xx_hash_sha1.o
 .debug_info    0x00008339      0xb0f StdPeriph_Driver/src/stm32f4xx_i2c.o
 .debug_info    0x00008e48      0x21d StdPeriph_Driver/src/stm32f4xx_iwdg.o
 .debug_info    0x00009065      0x52c StdPeriph_Driver/src/stm32f4xx_pwr.o
 .debug_info    0x00009591      0xc76 StdPeriph_Driver/src/stm32f4xx_rcc.o
 .debug_info    0x0000a207      0x29a StdPeriph_Driver/src/stm32f4xx_rng.o
 .debug_info    0x0000a4a1     0x10fa StdPeriph_Driver/src/stm32f4xx_rtc.o
 .debug_info    0x0000b59b      0x810 StdPeriph_Driver/src/stm32f4xx_sdio.o
 .debug_info    0x0000bdab      0xb1e StdPeriph_Driver/src/stm32f4xx_spi.o
 .debug_info    0x0000c8c9      0x287 StdPeriph_Driver/src/stm32f4xx_syscfg.o
 .debug_info    0x0000cb50     0x1c78 StdPeriph_Driver/src/stm32f4xx_tim.o
 .debug_info    0x0000e7c8      0x9d9 StdPeriph_Driver/src/stm32f4xx_usart.o
 .debug_info    0x0000f1a1      0x25f StdPeriph_Driver/src/stm32f4xx_wwdg.o
 .debug_info    0x0000f400      0x8b2 Utilities/stm32f4_discovery.o
 .debug_info    0x0000fcb2      0x7ef Utilities/stm32f4_discovery_lis302dl.o
 .debug_info    0x000104a1      0xfc0 src/main.o
 .debug_info    0x00011461      0xf2a src/syscalls.o
 .debug_info    0x0001238b      0x5d4 src/system_stm32f4xx.o
 .debug_info    0x0001295f      0x900 src/tm_stm32f4_lis302dl_lis3dsh.o
 .debug_info    0x0001325f       0x68 startup/startup_stm32f4xx.o

.debug_abbrev   0x00000000     0x3cfb
 *(.debug_abbrev)
 .debug_abbrev  0x00000000      0x175 StdPeriph_Driver/src/misc.o
 .debug_abbrev  0x00000175      0x1ae StdPeriph_Driver/src/stm32f4xx_adc.o
 .debug_abbrev  0x00000323      0x209 StdPeriph_Driver/src/stm32f4xx_can.o
 .debug_abbrev  0x0000052c      0x12a StdPeriph_Driver/src/stm32f4xx_crc.o
 .debug_abbrev  0x00000656      0x1a8 StdPeriph_Driver/src/stm32f4xx_cryp.o
 .debug_abbrev  0x000007fe      0x1ec StdPeriph_Driver/src/stm32f4xx_cryp_aes.o
 .debug_abbrev  0x000009ea      0x174 StdPeriph_Driver/src/stm32f4xx_cryp_des.o
 .debug_abbrev  0x00000b5e      0x174 StdPeriph_Driver/src/stm32f4xx_cryp_tdes.o
 .debug_abbrev  0x00000cd2      0x194 StdPeriph_Driver/src/stm32f4xx_dac.o
 .debug_abbrev  0x00000e66       0xf6 StdPeriph_Driver/src/stm32f4xx_dbgmcu.o
 .debug_abbrev  0x00000f5c      0x19f StdPeriph_Driver/src/stm32f4xx_dcmi.o
 .debug_abbrev  0x000010fb      0x16b StdPeriph_Driver/src/stm32f4xx_dma.o
 .debug_abbrev  0x00001266      0x1bf StdPeriph_Driver/src/stm32f4xx_exti.o
 .debug_abbrev  0x00001425      0x1e0 StdPeriph_Driver/src/stm32f4xx_flash.o
 .debug_abbrev  0x00001605      0x1a0 StdPeriph_Driver/src/stm32f4xx_fsmc.o
 .debug_abbrev  0x000017a5      0x1bb StdPeriph_Driver/src/stm32f4xx_gpio.o
 .debug_abbrev  0x00001960      0x1e1 StdPeriph_Driver/src/stm32f4xx_hash.o
 .debug_abbrev  0x00001b41      0x1a6 StdPeriph_Driver/src/stm32f4xx_hash_md5.o
 .debug_abbrev  0x00001ce7      0x1a6 StdPeriph_Driver/src/stm32f4xx_hash_sha1.o
 .debug_abbrev  0x00001e8d      0x194 StdPeriph_Driver/src/stm32f4xx_i2c.o
 .debug_abbrev  0x00002021      0x131 StdPeriph_Driver/src/stm32f4xx_iwdg.o
 .debug_abbrev  0x00002152      0x197 StdPeriph_Driver/src/stm32f4xx_pwr.o
 .debug_abbrev  0x000022e9      0x1fb StdPeriph_Driver/src/stm32f4xx_rcc.o
 .debug_abbrev  0x000024e4      0x15c StdPeriph_Driver/src/stm32f4xx_rng.o
 .debug_abbrev  0x00002640      0x1e0 StdPeriph_Driver/src/stm32f4xx_rtc.o
 .debug_abbrev  0x00002820      0x18f StdPeriph_Driver/src/stm32f4xx_sdio.o
 .debug_abbrev  0x000029af      0x17d StdPeriph_Driver/src/stm32f4xx_spi.o
 .debug_abbrev  0x00002b2c      0x149 StdPeriph_Driver/src/stm32f4xx_syscfg.o
 .debug_abbrev  0x00002c75      0x19d StdPeriph_Driver/src/stm32f4xx_tim.o
 .debug_abbrev  0x00002e12      0x185 StdPeriph_Driver/src/stm32f4xx_usart.o
 .debug_abbrev  0x00002f97      0x158 StdPeriph_Driver/src/stm32f4xx_wwdg.o
 .debug_abbrev  0x000030ef      0x1c0 Utilities/stm32f4_discovery.o
 .debug_abbrev  0x000032af      0x1d3 Utilities/stm32f4_discovery_lis302dl.o
 .debug_abbrev  0x00003482      0x255 src/main.o
 .debug_abbrev  0x000036d7      0x2aa src/syscalls.o
 .debug_abbrev  0x00003981      0x15b src/system_stm32f4xx.o
 .debug_abbrev  0x00003adc      0x20d src/tm_stm32f4_lis302dl_lis3dsh.o
 .debug_abbrev  0x00003ce9       0x12 startup/startup_stm32f4xx.o

.debug_line     0x00000000    0x1220d
 *(.debug_line .debug_line.* .debug_line_end)
 .debug_line    0x00000000      0x632 StdPeriph_Driver/src/misc.o
 .debug_line    0x00000632      0x948 StdPeriph_Driver/src/stm32f4xx_adc.o
 .debug_line    0x00000f7a      0x950 StdPeriph_Driver/src/stm32f4xx_can.o
 .debug_line    0x000018ca      0x648 StdPeriph_Driver/src/stm32f4xx_crc.o
 .debug_line    0x00001f12      0x77c StdPeriph_Driver/src/stm32f4xx_cryp.o
 .debug_line    0x0000268e      0xabd StdPeriph_Driver/src/stm32f4xx_cryp_aes.o
 .debug_line    0x0000314b      0x6de StdPeriph_Driver/src/stm32f4xx_cryp_des.o
 .debug_line    0x00003829      0x757 StdPeriph_Driver/src/stm32f4xx_cryp_tdes.o
 .debug_line    0x00003f80      0x73d StdPeriph_Driver/src/stm32f4xx_dac.o
 .debug_line    0x000046bd      0x62e StdPeriph_Driver/src/stm32f4xx_dbgmcu.o
 .debug_line    0x00004ceb      0x722 StdPeriph_Driver/src/stm32f4xx_dcmi.o
 .debug_line    0x0000540d      0x815 StdPeriph_Driver/src/stm32f4xx_dma.o
 .debug_line    0x00005c22      0x68b StdPeriph_Driver/src/stm32f4xx_exti.o
 .debug_line    0x000062ad      0x869 StdPeriph_Driver/src/stm32f4xx_flash.o
 .debug_line    0x00006b16      0x872 StdPeriph_Driver/src/stm32f4xx_fsmc.o
 .debug_line    0x00007388      0x74a StdPeriph_Driver/src/stm32f4xx_gpio.o
 .debug_line    0x00007ad2      0x74f StdPeriph_Driver/src/stm32f4xx_hash.o
 .debug_line    0x00008221      0x74e StdPeriph_Driver/src/stm32f4xx_hash_md5.o
 .debug_line    0x0000896f      0x769 StdPeriph_Driver/src/stm32f4xx_hash_sha1.o
 .debug_line    0x000090d8      0x8c3 StdPeriph_Driver/src/stm32f4xx_i2c.o
 .debug_line    0x0000999b      0x63b StdPeriph_Driver/src/stm32f4xx_iwdg.o
 .debug_line    0x00009fd6      0x6d0 StdPeriph_Driver/src/stm32f4xx_pwr.o
 .debug_line    0x0000a6a6      0x990 StdPeriph_Driver/src/stm32f4xx_rcc.o
 .debug_line    0x0000b036      0x669 StdPeriph_Driver/src/stm32f4xx_rng.o
 .debug_line    0x0000b69f      0xc08 StdPeriph_Driver/src/stm32f4xx_rtc.o
 .debug_line    0x0000c2a7      0x823 StdPeriph_Driver/src/stm32f4xx_sdio.o
 .debug_line    0x0000caca      0x844 StdPeriph_Driver/src/stm32f4xx_spi.o
 .debug_line    0x0000d30e      0x643 StdPeriph_Driver/src/stm32f4xx_syscfg.o
 .debug_line    0x0000d951      0xeac StdPeriph_Driver/src/stm32f4xx_tim.o
 .debug_line    0x0000e7fd      0x88f StdPeriph_Driver/src/stm32f4xx_usart.o
 .debug_line    0x0000f08c      0x666 StdPeriph_Driver/src/stm32f4xx_wwdg.o
 .debug_line    0x0000f6f2      0x65d Utilities/stm32f4_discovery.o
 .debug_line    0x0000fd4f      0x77a Utilities/stm32f4_discovery_lis302dl.o
 .debug_line    0x000104c9      0x876 src/main.o
 .debug_line    0x00010d3f      0x5d4 src/syscalls.o
 .debug_line    0x00011313      0x64c src/system_stm32f4xx.o
 .debug_line    0x0001195f      0x833 src/tm_stm32f4_lis302dl_lis3dsh.o
 .debug_line    0x00012192       0x7b startup/startup_stm32f4xx.o

.debug_frame    0x00000000     0x6948
 *(.debug_frame)
 .debug_frame   0x00000000       0xd8 StdPeriph_Driver/src/misc.o
 .debug_frame   0x000000d8      0x5ec StdPeriph_Driver/src/stm32f4xx_adc.o
 .debug_frame   0x000006c4      0x3f0 StdPeriph_Driver/src/stm32f4xx_can.o
 .debug_frame   0x00000ab4       0xe8 StdPeriph_Driver/src/stm32f4xx_crc.o
 .debug_frame   0x00000b9c      0x29c StdPeriph_Driver/src/stm32f4xx_cryp.o
 .debug_frame   0x00000e38       0x88 StdPeriph_Driver/src/stm32f4xx_cryp_aes.o
 .debug_frame   0x00000ec0       0x60 StdPeriph_Driver/src/stm32f4xx_cryp_des.o
 .debug_frame   0x00000f20       0x60 StdPeriph_Driver/src/stm32f4xx_cryp_tdes.o
 .debug_frame   0x00000f80      0x2ac StdPeriph_Driver/src/stm32f4xx_dac.o
 .debug_frame   0x0000122c       0xc8 StdPeriph_Driver/src/stm32f4xx_dbgmcu.o
 .debug_frame   0x000012f4      0x258 StdPeriph_Driver/src/stm32f4xx_dcmi.o
 .debug_frame   0x0000154c      0x308 StdPeriph_Driver/src/stm32f4xx_dma.o
 .debug_frame   0x00001854      0x148 StdPeriph_Driver/src/stm32f4xx_exti.o
 .debug_frame   0x0000199c      0x450 StdPeriph_Driver/src/stm32f4xx_flash.o
 .debug_frame   0x00001dec      0x300 StdPeriph_Driver/src/stm32f4xx_fsmc.o
 .debug_frame   0x000020ec      0x23c StdPeriph_Driver/src/stm32f4xx_gpio.o
 .debug_frame   0x00002328      0x294 StdPeriph_Driver/src/stm32f4xx_hash.o
 .debug_frame   0x000025bc       0x5c StdPeriph_Driver/src/stm32f4xx_hash_md5.o
 .debug_frame   0x00002618       0x60 StdPeriph_Driver/src/stm32f4xx_hash_sha1.o
 .debug_frame   0x00002678      0x530 StdPeriph_Driver/src/stm32f4xx_i2c.o
 .debug_frame   0x00002ba8       0xf0 StdPeriph_Driver/src/stm32f4xx_iwdg.o
 .debug_frame   0x00002c98      0x1dc StdPeriph_Driver/src/stm32f4xx_pwr.o
 .debug_frame   0x00002e74      0x6d4 StdPeriph_Driver/src/stm32f4xx_rcc.o
 .debug_frame   0x00003548      0x13c StdPeriph_Driver/src/stm32f4xx_rng.o
 .debug_frame   0x00003684      0x8b0 StdPeriph_Driver/src/stm32f4xx_rtc.o
 .debug_frame   0x00003f34      0x48c StdPeriph_Driver/src/stm32f4xx_sdio.o
 .debug_frame   0x000043c0      0x3f4 StdPeriph_Driver/src/stm32f4xx_spi.o
 .debug_frame   0x000047b4       0xf4 StdPeriph_Driver/src/stm32f4xx_syscfg.o
 .debug_frame   0x000048a8      0xe54 StdPeriph_Driver/src/stm32f4xx_tim.o
 .debug_frame   0x000056fc      0x490 StdPeriph_Driver/src/stm32f4xx_usart.o
 .debug_frame   0x00005b8c      0x134 StdPeriph_Driver/src/stm32f4xx_wwdg.o
 .debug_frame   0x00005cc0       0xf4 Utilities/stm32f4_discovery.o
 .debug_frame   0x00005db4      0x1c0 Utilities/stm32f4_discovery_lis302dl.o
 .debug_frame   0x00005f74       0x54 src/main.o
 .debug_frame   0x00005fc8      0x2d4 src/syscalls.o
 .debug_frame   0x0000629c       0x7c src/system_stm32f4xx.o
 .debug_frame   0x00006318      0x218 src/tm_stm32f4_lis302dl_lis3dsh.o
 .debug_frame   0x00006530       0x20 c:/ac6/systemworkbench/plugins/fr.ac6.mcu.externaltools.arm-none.win32_1.15.0.201708311556/tools/compiler/bin/../lib/gcc/arm-none-eabi/6.3.1/../../../../arm-none-eabi/lib/thumb/v7e-m/fpv4-sp/hard\libc.a(lib_a-errno.o)
 .debug_frame   0x00006550       0x28 c:/ac6/systemworkbench/plugins/fr.ac6.mcu.externaltools.arm-none.win32_1.15.0.201708311556/tools/compiler/bin/../lib/gcc/arm-none-eabi/6.3.1/../../../../arm-none-eabi/lib/thumb/v7e-m/fpv4-sp/hard\libc.a(lib_a-exit.o)
 .debug_frame   0x00006578       0x2c c:/ac6/systemworkbench/plugins/fr.ac6.mcu.externaltools.arm-none.win32_1.15.0.201708311556/tools/compiler/bin/../lib/gcc/arm-none-eabi/6.3.1/../../../../arm-none-eabi/lib/thumb/v7e-m/fpv4-sp/hard\libc.a(lib_a-init.o)
 .debug_frame   0x000065a4       0x34 c:/ac6/systemworkbench/plugins/fr.ac6.mcu.externaltools.arm-none.win32_1.15.0.201708311556/tools/compiler/bin/../lib/gcc/arm-none-eabi/6.3.1/../../../../arm-none-eabi/lib/thumb/v7e-m/fpv4-sp/hard\libc.a(lib_a-memset.o)
 .debug_frame   0x000065d8       0x30 c:/ac6/systemworkbench/plugins/fr.ac6.mcu.externaltools.arm-none.win32_1.15.0.201708311556/tools/compiler/bin/../lib/gcc/arm-none-eabi/6.3.1/../../../../arm-none-eabi/lib/thumb/v7e-m/fpv4-sp/hard\libc.a(lib_a-time.o)
 .debug_frame   0x00006608       0x5c c:/ac6/systemworkbench/plugins/fr.ac6.mcu.externaltools.arm-none.win32_1.15.0.201708311556/tools/compiler/bin/../lib/gcc/arm-none-eabi/6.3.1/../../../../arm-none-eabi/lib/thumb/v7e-m/fpv4-sp/hard\libc.a(lib_a-__call_atexit.o)
 .debug_frame   0x00006664       0x20 c:/ac6/systemworkbench/plugins/fr.ac6.mcu.externaltools.arm-none.win32_1.15.0.201708311556/tools/compiler/bin/../lib/gcc/arm-none-eabi/6.3.1/../../../../arm-none-eabi/lib/thumb/v7e-m/fpv4-sp/hard\libc.a(lib_a-atexit.o)
 .debug_frame   0x00006684       0x34 c:/ac6/systemworkbench/plugins/fr.ac6.mcu.externaltools.arm-none.win32_1.15.0.201708311556/tools/compiler/bin/../lib/gcc/arm-none-eabi/6.3.1/../../../../arm-none-eabi/lib/thumb/v7e-m/fpv4-sp/hard\libc.a(lib_a-fini.o)
 .debug_frame   0x000066b8       0x2c c:/ac6/systemworkbench/plugins/fr.ac6.mcu.externaltools.arm-none.win32_1.15.0.201708311556/tools/compiler/bin/../lib/gcc/arm-none-eabi/6.3.1/../../../../arm-none-eabi/lib/thumb/v7e-m/fpv4-sp/hard\libc.a(lib_a-gettimeofdayr.o)
 .debug_frame   0x000066e4       0xb0 c:/ac6/systemworkbench/plugins/fr.ac6.mcu.externaltools.arm-none.win32_1.15.0.201708311556/tools/compiler/bin/../lib/gcc/arm-none-eabi/6.3.1/../../../../arm-none-eabi/lib/thumb/v7e-m/fpv4-sp/hard\libc.a(lib_a-lock.o)
 .debug_frame   0x00006794       0x58 c:/ac6/systemworkbench/plugins/fr.ac6.mcu.externaltools.arm-none.win32_1.15.0.201708311556/tools/compiler/bin/../lib/gcc/arm-none-eabi/6.3.1/../../../../arm-none-eabi/lib/thumb/v7e-m/fpv4-sp/hard\libc.a(lib_a-reent.o)
 .debug_frame   0x000067ec       0x34 c:/ac6/systemworkbench/plugins/fr.ac6.mcu.externaltools.arm-none.win32_1.15.0.201708311556/tools/compiler/bin/../lib/gcc/arm-none-eabi/6.3.1/../../../../arm-none-eabi/lib/thumb/v7e-m/fpv4-sp/hard\libc.a(lib_a-__atexit.o)
 .debug_frame   0x00006820       0x74 c:/ac6/systemworkbench/plugins/fr.ac6.mcu.externaltools.arm-none.win32_1.15.0.201708311556/tools/compiler/bin/../lib/gcc/arm-none-eabi/6.3.1/../../../../arm-none-eabi/lib/thumb/v7e-m/fpv4-sp/hard\libc.a(lib_a-freer.o)
 .debug_frame   0x00006894       0x58 c:/ac6/systemworkbench/plugins/fr.ac6.mcu.externaltools.arm-none.win32_1.15.0.201708311556/tools/compiler/bin/../lib/gcc/arm-none-eabi/6.3.1/../../../../arm-none-eabi/lib/thumb/v7e-m/fpv4-sp/hard\libc.a(lib_a-mallocr.o)
 .debug_frame   0x000068ec       0x30 c:/ac6/systemworkbench/plugins/fr.ac6.mcu.externaltools.arm-none.win32_1.15.0.201708311556/tools/compiler/bin/../lib/gcc/arm-none-eabi/6.3.1/../../../../arm-none-eabi/lib/thumb/v7e-m/fpv4-sp/hard\libc.a(lib_a-mlock.o)
 .debug_frame   0x0000691c       0x2c c:/ac6/systemworkbench/plugins/fr.ac6.mcu.externaltools.arm-none.win32_1.15.0.201708311556/tools/compiler/bin/../lib/gcc/arm-none-eabi/6.3.1/../../../../arm-none-eabi/lib/thumb/v7e-m/fpv4-sp/hard\libc.a(lib_a-sbrkr.o)

.debug_str      0x00000000    0x65f2e
 *(.debug_str)
 .debug_str     0x00000000    0x55f5b StdPeriph_Driver/src/misc.o
                              0x56109 (size before relaxing)
 .debug_str     0x00055f5b      0x90e StdPeriph_Driver/src/stm32f4xx_adc.o
                              0x567f8 (size before relaxing)
 .debug_str     0x00056869      0x6f9 StdPeriph_Driver/src/stm32f4xx_can.o
                              0x5663b (size before relaxing)
 .debug_str     0x00056f62       0xaf StdPeriph_Driver/src/stm32f4xx_crc.o
                              0x55f5c (size before relaxing)
 .debug_str     0x00057011      0x3d3 StdPeriph_Driver/src/stm32f4xx_cryp.o
                              0x56307 (size before relaxing)
 .debug_str     0x000573e4      0x11d StdPeriph_Driver/src/stm32f4xx_cryp_aes.o
                              0x56120 (size before relaxing)
 .debug_str     0x00057501       0x47 StdPeriph_Driver/src/stm32f4xx_cryp_des.o
                              0x5610b (size before relaxing)
 .debug_str     0x00057548       0xc0 StdPeriph_Driver/src/stm32f4xx_cryp_tdes.o
                              0x56112 (size before relaxing)
 .debug_str     0x00057608      0x366 StdPeriph_Driver/src/stm32f4xx_dac.o
                              0x5626d (size before relaxing)
 .debug_str     0x0005796e       0xe4 StdPeriph_Driver/src/stm32f4xx_dbgmcu.o
                              0x55f7a (size before relaxing)
 .debug_str     0x00057a52      0x2ef StdPeriph_Driver/src/stm32f4xx_dcmi.o
                              0x561ea (size before relaxing)
 .debug_str     0x00057d41      0x67f StdPeriph_Driver/src/stm32f4xx_dma.o
                              0x5656f (size before relaxing)
 .debug_str     0x000583c0      0x1ce StdPeriph_Driver/src/stm32f4xx_exti.o
                              0x5608c (size before relaxing)
 .debug_str     0x0005858e      0x3cd StdPeriph_Driver/src/stm32f4xx_flash.o
                              0x562c6 (size before relaxing)
 .debug_str     0x0005895b      0x6ef StdPeriph_Driver/src/stm32f4xx_fsmc.o
                              0x565d0 (size before relaxing)
 .debug_str     0x0005904a      0x2ef StdPeriph_Driver/src/stm32f4xx_gpio.o
                              0x561b4 (size before relaxing)
 .debug_str     0x00059339      0x24f StdPeriph_Driver/src/stm32f4xx_hash.o
                              0x56143 (size before relaxing)
 .debug_str     0x00059588       0xbb StdPeriph_Driver/src/stm32f4xx_hash_md5.o
                              0x5602b (size before relaxing)
 .debug_str     0x00059643       0x96 StdPeriph_Driver/src/stm32f4xx_hash_sha1.o
                              0x56031 (size before relaxing)
 .debug_str     0x000596d9      0x475 StdPeriph_Driver/src/stm32f4xx_i2c.o
                              0x563da (size before relaxing)
 .debug_str     0x00059b4e      0x109 StdPeriph_Driver/src/stm32f4xx_iwdg.o
                              0x55fbf (size before relaxing)
 .debug_str     0x00059c57      0x429 StdPeriph_Driver/src/stm32f4xx_pwr.o
                              0x56365 (size before relaxing)
 .debug_str     0x0005a080      0xa7c StdPeriph_Driver/src/stm32f4xx_rcc.o
                              0x56a35 (size before relaxing)
 .debug_str     0x0005aafc       0xbe StdPeriph_Driver/src/stm32f4xx_rng.o
                              0x55f8a (size before relaxing)
 .debug_str     0x0005abba      0xb3f StdPeriph_Driver/src/stm32f4xx_rtc.o
                              0x56a7e (size before relaxing)
 .debug_str     0x0005b6f9      0x9b1 StdPeriph_Driver/src/stm32f4xx_sdio.o
                              0x568a2 (size before relaxing)
 .debug_str     0x0005c0aa      0x3a8 StdPeriph_Driver/src/stm32f4xx_spi.o
                              0x56475 (size before relaxing)
 .debug_str     0x0005c452      0x299 StdPeriph_Driver/src/stm32f4xx_syscfg.o
                              0x56165 (size before relaxing)
 .debug_str     0x0005c6eb      0xc08 StdPeriph_Driver/src/stm32f4xx_tim.o
                              0x56ba8 (size before relaxing)
 .debug_str     0x0005d2f3      0x533 StdPeriph_Driver/src/stm32f4xx_usart.o
                              0x564c4 (size before relaxing)
 .debug_str     0x0005d826      0x1c3 StdPeriph_Driver/src/stm32f4xx_wwdg.o
                              0x56088 (size before relaxing)
 .debug_str     0x0005d9e9      0x908 Utilities/stm32f4_discovery.o
                              0x56a99 (size before relaxing)
 .debug_str     0x0005e2f1     0x13dc Utilities/stm32f4_discovery_lis302dl.o
                              0x5754b (size before relaxing)
 .debug_str     0x0005f6cd     0x540c src/main.o
                              0x5bd2e (size before relaxing)
 .debug_str     0x00064ad9      0xfb9 src/syscalls.o
                               0x7d61 (size before relaxing)
 .debug_str     0x00065a92       0xaf src/system_stm32f4xx.o
                              0x560ef (size before relaxing)
 .debug_str     0x00065b41      0x3ed src/tm_stm32f4_lis302dl_lis3dsh.o
                              0x57319 (size before relaxing)

.debug_loc
 *(.debug_loc)

.debug_macinfo
 *(.debug_macinfo)

.debug_weaknames
 *(.debug_weaknames)

.debug_funcnames
 *(.debug_funcnames)

.debug_typenames
 *(.debug_typenames)

.debug_varnames
 *(.debug_varnames)

.debug_pubtypes
 *(.debug_pubtypes)

.debug_ranges   0x00000000     0x15a8
 *(.debug_ranges)
 .debug_ranges  0x00000000       0x30 StdPeriph_Driver/src/misc.o
 .debug_ranges  0x00000030      0x138 StdPeriph_Driver/src/stm32f4xx_adc.o
 .debug_ranges  0x00000168       0xd0 StdPeriph_Driver/src/stm32f4xx_can.o
 .debug_ranges  0x00000238       0x38 StdPeriph_Driver/src/stm32f4xx_crc.o
 .debug_ranges  0x00000270       0x90 StdPeriph_Driver/src/stm32f4xx_cryp.o
 .debug_ranges  0x00000300       0x20 StdPeriph_Driver/src/stm32f4xx_cryp_aes.o
 .debug_ranges  0x00000320       0x18 StdPeriph_Driver/src/stm32f4xx_cryp_des.o
 .debug_ranges  0x00000338       0x18 StdPeriph_Driver/src/stm32f4xx_cryp_tdes.o
 .debug_ranges  0x00000350       0x90 StdPeriph_Driver/src/stm32f4xx_dac.o
 .debug_ranges  0x000003e0       0x30 StdPeriph_Driver/src/stm32f4xx_dbgmcu.o
 .debug_ranges  0x00000410       0x80 StdPeriph_Driver/src/stm32f4xx_dcmi.o
 .debug_ranges  0x00000490       0xa0 StdPeriph_Driver/src/stm32f4xx_dma.o
 .debug_ranges  0x00000530       0x48 StdPeriph_Driver/src/stm32f4xx_exti.o
 .debug_ranges  0x00000578       0xf8 StdPeriph_Driver/src/stm32f4xx_flash.o
 .debug_ranges  0x00000670       0xa0 StdPeriph_Driver/src/stm32f4xx_fsmc.o
 .debug_ranges  0x00000710       0x78 StdPeriph_Driver/src/stm32f4xx_gpio.o
 .debug_ranges  0x00000788       0x90 StdPeriph_Driver/src/stm32f4xx_hash.o
 .debug_ranges  0x00000818       0x18 StdPeriph_Driver/src/stm32f4xx_hash_md5.o
 .debug_ranges  0x00000830       0x18 StdPeriph_Driver/src/stm32f4xx_hash_sha1.o
 .debug_ranges  0x00000848      0x110 StdPeriph_Driver/src/stm32f4xx_i2c.o
 .debug_ranges  0x00000958       0x38 StdPeriph_Driver/src/stm32f4xx_iwdg.o
 .debug_ranges  0x00000990       0x68 StdPeriph_Driver/src/stm32f4xx_pwr.o
 .debug_ranges  0x000009f8      0x168 StdPeriph_Driver/src/stm32f4xx_rcc.o
 .debug_ranges  0x00000b60       0x48 StdPeriph_Driver/src/stm32f4xx_rng.o
 .debug_ranges  0x00000ba8      0x1d0 StdPeriph_Driver/src/stm32f4xx_rtc.o
 .debug_ranges  0x00000d78       0xf8 StdPeriph_Driver/src/stm32f4xx_sdio.o
 .debug_ranges  0x00000e70       0xd0 StdPeriph_Driver/src/stm32f4xx_spi.o
 .debug_ranges  0x00000f40       0x38 StdPeriph_Driver/src/stm32f4xx_syscfg.o
 .debug_ranges  0x00000f78      0x2e8 StdPeriph_Driver/src/stm32f4xx_tim.o
 .debug_ranges  0x00001260       0xf0 StdPeriph_Driver/src/stm32f4xx_usart.o
 .debug_ranges  0x00001350       0x48 StdPeriph_Driver/src/stm32f4xx_wwdg.o
 .debug_ranges  0x00001398       0x38 Utilities/stm32f4_discovery.o
 .debug_ranges  0x000013d0       0x68 Utilities/stm32f4_discovery_lis302dl.o
 .debug_ranges  0x00001438       0x18 src/main.o
 .debug_ranges  0x00001450       0xa0 src/syscalls.o
 .debug_ranges  0x000014f0       0x20 src/system_stm32f4xx.o
 .debug_ranges  0x00001510       0x78 src/tm_stm32f4_lis302dl_lis3dsh.o
 .debug_ranges  0x00001588       0x20 startup/startup_stm32f4xx.o

.debug_macro    0x00000000    0x16ba8
 *(.debug_macro)
 .debug_macro   0x00000000      0x1c5 StdPeriph_Driver/src/misc.o
 .debug_macro   0x000001c5      0x8d4 StdPeriph_Driver/src/misc.o
 .debug_macro   0x00000a99       0x63 StdPeriph_Driver/src/misc.o
 .debug_macro   0x00000afc       0x35 StdPeriph_Driver/src/misc.o
 .debug_macro   0x00000b31       0x22 StdPeriph_Driver/src/misc.o
 .debug_macro   0x00000b53       0x87 StdPeriph_Driver/src/misc.o
 .debug_macro   0x00000bda       0x51 StdPeriph_Driver/src/misc.o
 .debug_macro   0x00000c2b       0xef StdPeriph_Driver/src/misc.o
 .debug_macro   0x00000d1a       0x6a StdPeriph_Driver/src/misc.o
 .debug_macro   0x00000d84      0x1df StdPeriph_Driver/src/misc.o
 .debug_macro   0x00000f63       0x18 StdPeriph_Driver/src/misc.o
 .debug_macro   0x00000f7b       0x42 StdPeriph_Driver/src/misc.o
 .debug_macro   0x00000fbd      0x8cb StdPeriph_Driver/src/misc.o
 .debug_macro   0x00001888     0x8057 StdPeriph_Driver/src/misc.o
 .debug_macro   0x000098df       0x16 StdPeriph_Driver/src/misc.o
 .debug_macro   0x000098f5      0x44e StdPeriph_Driver/src/misc.o
 .debug_macro   0x00009d43      0x3cf StdPeriph_Driver/src/misc.o
 .debug_macro   0x0000a112      0x111 StdPeriph_Driver/src/misc.o
 .debug_macro   0x0000a223      0x182 StdPeriph_Driver/src/misc.o
 .debug_macro   0x0000a3a5       0xb2 StdPeriph_Driver/src/misc.o
 .debug_macro   0x0000a457      0x146 StdPeriph_Driver/src/misc.o
 .debug_macro   0x0000a59d      0x477 StdPeriph_Driver/src/misc.o
 .debug_macro   0x0000aa14       0xac StdPeriph_Driver/src/misc.o
 .debug_macro   0x0000aac0      0x241 StdPeriph_Driver/src/misc.o
 .debug_macro   0x0000ad01      0x279 StdPeriph_Driver/src/misc.o
 .debug_macro   0x0000af7a       0xb5 StdPeriph_Driver/src/misc.o
 .debug_macro   0x0000b02f      0x265 StdPeriph_Driver/src/misc.o
 .debug_macro   0x0000b294      0x2b1 StdPeriph_Driver/src/misc.o
 .debug_macro   0x0000b545       0x64 StdPeriph_Driver/src/misc.o
 .debug_macro   0x0000b5a9       0xa6 StdPeriph_Driver/src/misc.o
 .debug_macro   0x0000b64f      0x538 StdPeriph_Driver/src/misc.o
 .debug_macro   0x0000bb87       0x40 StdPeriph_Driver/src/misc.o
 .debug_macro   0x0000bbc7      0x57a StdPeriph_Driver/src/misc.o
 .debug_macro   0x0000c141      0x341 StdPeriph_Driver/src/misc.o
 .debug_macro   0x0000c482      0x36a StdPeriph_Driver/src/misc.o
 .debug_macro   0x0000c7ec       0xdf StdPeriph_Driver/src/misc.o
 .debug_macro   0x0000c8cb      0x73b StdPeriph_Driver/src/misc.o
 .debug_macro   0x0000d006      0x220 StdPeriph_Driver/src/misc.o
 .debug_macro   0x0000d226       0x34 StdPeriph_Driver/src/misc.o
 .debug_macro   0x0000d25a       0x35 StdPeriph_Driver/src/misc.o
 .debug_macro   0x0000d28f       0x79 StdPeriph_Driver/src/misc.o
 .debug_macro   0x0000d308      0x24a StdPeriph_Driver/src/stm32f4xx_adc.o
 .debug_macro   0x0000d552      0x3c9 StdPeriph_Driver/src/stm32f4xx_adc.o
 .debug_macro   0x0000d91b       0x7f StdPeriph_Driver/src/stm32f4xx_adc.o
 .debug_macro   0x0000d99a      0x217 StdPeriph_Driver/src/stm32f4xx_can.o
 .debug_macro   0x0000dbb1      0x1b9 StdPeriph_Driver/src/stm32f4xx_crc.o
 .debug_macro   0x0000dd6a      0x1d3 StdPeriph_Driver/src/stm32f4xx_cryp.o
 .debug_macro   0x0000df3d      0x10b StdPeriph_Driver/src/stm32f4xx_cryp.o
 .debug_macro   0x0000e048      0x1c5 StdPeriph_Driver/src/stm32f4xx_cryp_aes.o
 .debug_macro   0x0000e20d      0x1c5 StdPeriph_Driver/src/stm32f4xx_cryp_des.o
 .debug_macro   0x0000e3d2      0x1c5 StdPeriph_Driver/src/stm32f4xx_cryp_tdes.o
 .debug_macro   0x0000e597      0x1f4 StdPeriph_Driver/src/stm32f4xx_dac.o
 .debug_macro   0x0000e78b      0x17c StdPeriph_Driver/src/stm32f4xx_dac.o
 .debug_macro   0x0000e907      0x1c5 StdPeriph_Driver/src/stm32f4xx_dbgmcu.o
 .debug_macro   0x0000eacc       0xac StdPeriph_Driver/src/stm32f4xx_dbgmcu.o
 .debug_macro   0x0000eb78      0x1c3 StdPeriph_Driver/src/stm32f4xx_dcmi.o
 .debug_macro   0x0000ed3b      0x140 StdPeriph_Driver/src/stm32f4xx_dcmi.o
 .debug_macro   0x0000ee7b      0x217 StdPeriph_Driver/src/stm32f4xx_dma.o
 .debug_macro   0x0000f092      0x471 StdPeriph_Driver/src/stm32f4xx_dma.o
 .debug_macro   0x0000f503      0x1c5 StdPeriph_Driver/src/stm32f4xx_exti.o
 .debug_macro   0x0000f6c8       0xa6 StdPeriph_Driver/src/stm32f4xx_exti.o
 .debug_macro   0x0000f76e      0x1c5 StdPeriph_Driver/src/stm32f4xx_flash.o
 .debug_macro   0x0000f933      0x23b StdPeriph_Driver/src/stm32f4xx_flash.o
 .debug_macro   0x0000fb6e      0x1f3 StdPeriph_Driver/src/stm32f4xx_fsmc.o
 .debug_macro   0x0000fd61      0x273 StdPeriph_Driver/src/stm32f4xx_fsmc.o
 .debug_macro   0x0000ffd4      0x1c3 StdPeriph_Driver/src/stm32f4xx_gpio.o
 .debug_macro   0x00010197      0x25f StdPeriph_Driver/src/stm32f4xx_gpio.o
 .debug_macro   0x000103f6      0x1c3 StdPeriph_Driver/src/stm32f4xx_hash.o
 .debug_macro   0x000105b9       0xaf StdPeriph_Driver/src/stm32f4xx_hash.o
 .debug_macro   0x00010668      0x1c5 StdPeriph_Driver/src/stm32f4xx_hash_md5.o
 .debug_macro   0x0001082d      0x1c5 StdPeriph_Driver/src/stm32f4xx_hash_sha1.o
 .debug_macro   0x000109f2      0x1d5 StdPeriph_Driver/src/stm32f4xx_i2c.o
 .debug_macro   0x00010bc7      0x2ab StdPeriph_Driver/src/stm32f4xx_i2c.o
 .debug_macro   0x00010e72      0x1cb StdPeriph_Driver/src/stm32f4xx_iwdg.o
 .debug_macro   0x0001103d       0x5e StdPeriph_Driver/src/stm32f4xx_iwdg.o
 .debug_macro   0x0001109b      0x229 StdPeriph_Driver/src/stm32f4xx_pwr.o
 .debug_macro   0x000112c4       0xa0 StdPeriph_Driver/src/stm32f4xx_pwr.o
 .debug_macro   0x00011364      0x267 StdPeriph_Driver/src/stm32f4xx_rcc.o
 .debug_macro   0x000115cb      0x532 StdPeriph_Driver/src/stm32f4xx_rcc.o
 .debug_macro   0x00011afd      0x1c3 StdPeriph_Driver/src/stm32f4xx_rng.o
 .debug_macro   0x00011cc0       0x3a StdPeriph_Driver/src/stm32f4xx_rng.o
 .debug_macro   0x00011cfa      0x204 StdPeriph_Driver/src/stm32f4xx_rtc.o
 .debug_macro   0x00011efe      0x574 StdPeriph_Driver/src/stm32f4xx_rtc.o
 .debug_macro   0x00012472      0x290 StdPeriph_Driver/src/stm32f4xx_sdio.o
 .debug_macro   0x00012702      0x33b StdPeriph_Driver/src/stm32f4xx_sdio.o
 .debug_macro   0x00012a3d      0x1ef StdPeriph_Driver/src/stm32f4xx_spi.o
 .debug_macro   0x00012c2c      0x364 StdPeriph_Driver/src/stm32f4xx_spi.o
 .debug_macro   0x00012f90      0x1ed StdPeriph_Driver/src/stm32f4xx_syscfg.o
 .debug_macro   0x0001317d       0xd9 StdPeriph_Driver/src/stm32f4xx_syscfg.o
 .debug_macro   0x00013256      0x1ed StdPeriph_Driver/src/stm32f4xx_tim.o
 .debug_macro   0x00013443      0x735 StdPeriph_Driver/src/stm32f4xx_tim.o
 .debug_macro   0x00013b78      0x1db StdPeriph_Driver/src/stm32f4xx_usart.o
 .debug_macro   0x00013d53      0x21a StdPeriph_Driver/src/stm32f4xx_usart.o
 .debug_macro   0x00013f6d      0x1ed StdPeriph_Driver/src/stm32f4xx_wwdg.o
 .debug_macro   0x0001415a       0x2e StdPeriph_Driver/src/stm32f4xx_wwdg.o
 .debug_macro   0x00014188      0x1c4 Utilities/stm32f4_discovery.o
 .debug_macro   0x0001434c       0x82 Utilities/stm32f4_discovery.o
 .debug_macro   0x000143ce      0x1d6 Utilities/stm32f4_discovery_lis302dl.o
 .debug_macro   0x000145a4      0x2b8 Utilities/stm32f4_discovery_lis302dl.o
 .debug_macro   0x0001485c      0x39d src/main.o
 .debug_macro   0x00014bf9       0x88 src/main.o
 .debug_macro   0x00014c81      0x203 src/main.o
 .debug_macro   0x00014e84       0x58 src/main.o
 .debug_macro   0x00014edc       0x35 src/main.o
 .debug_macro   0x00014f11       0x9c src/main.o
 .debug_macro   0x00014fad       0x16 src/main.o
 .debug_macro   0x00014fc3       0x97 src/main.o
 .debug_macro   0x0001505a      0x330 src/main.o
 .debug_macro   0x0001538a       0xfd src/main.o
 .debug_macro   0x00015487       0x10 src/main.o
 .debug_macro   0x00015497       0x58 src/main.o
 .debug_macro   0x000154ef       0x1f src/main.o
 .debug_macro   0x0001550e       0x43 src/main.o
 .debug_macro   0x00015551       0x20 src/main.o
 .debug_macro   0x00015571      0x187 src/main.o
 .debug_macro   0x000156f8       0x10 src/main.o
 .debug_macro   0x00015708       0x1c src/main.o
 .debug_macro   0x00015724       0x52 src/main.o
 .debug_macro   0x00015776       0x40 src/main.o
 .debug_macro   0x000157b6       0x10 src/main.o
 .debug_macro   0x000157c6       0x40 src/main.o
 .debug_macro   0x00015806       0xd7 src/main.o
 .debug_macro   0x000158dd       0x16 src/main.o
 .debug_macro   0x000158f3      0x18b src/main.o
 .debug_macro   0x00015a7e       0x16 src/main.o
 .debug_macro   0x00015a94       0x35 src/main.o
 .debug_macro   0x00015ac9       0x16 src/main.o
 .debug_macro   0x00015adf       0x29 src/main.o
 .debug_macro   0x00015b08       0x16 src/main.o
 .debug_macro   0x00015b1e       0x10 src/main.o
 .debug_macro   0x00015b2e       0x10 src/main.o
 .debug_macro   0x00015b3e       0x35 src/main.o
 .debug_macro   0x00015b73      0x1e1 src/main.o
 .debug_macro   0x00015d54      0x236 src/syscalls.o
 .debug_macro   0x00015f8a       0x52 src/syscalls.o
 .debug_macro   0x00015fdc       0x8d src/syscalls.o
 .debug_macro   0x00016069       0x57 src/syscalls.o
 .debug_macro   0x000160c0      0x174 src/syscalls.o
 .debug_macro   0x00016234       0x10 src/syscalls.o
 .debug_macro   0x00016244      0x122 src/syscalls.o
 .debug_macro   0x00016366       0x10 src/syscalls.o
 .debug_macro   0x00016376      0x241 src/syscalls.o
 .debug_macro   0x000165b7       0x1c src/syscalls.o
 .debug_macro   0x000165d3       0x10 src/syscalls.o
 .debug_macro   0x000165e3      0x159 src/syscalls.o
 .debug_macro   0x0001673c       0x16 src/syscalls.o
 .debug_macro   0x00016752       0x88 src/syscalls.o
 .debug_macro   0x000167da      0x1e6 src/system_stm32f4xx.o
 .debug_macro   0x000169c0      0x1e8 src/tm_stm32f4_lis302dl_lis3dsh.o

.debug_addr
 *(.debug_addr)

.stack          0x00080000        0x0
                0x00080000                _stack = .
 *(.stack)

.ARM.attributes
                0x00000000       0x30
 *(.ARM.attributes)
 .ARM.attributes
                0x00000000       0x22 c:/ac6/systemworkbench/plugins/fr.ac6.mcu.externaltools.arm-none.win32_1.15.0.201708311556/tools/compiler/bin/../lib/gcc/arm-none-eabi/6.3.1/thumb/v7e-m/fpv4-sp/hard/crti.o
 .ARM.attributes
                0x00000022       0x34 c:/ac6/systemworkbench/plugins/fr.ac6.mcu.externaltools.arm-none.win32_1.15.0.201708311556/tools/compiler/bin/../lib/gcc/arm-none-eabi/6.3.1/thumb/v7e-m/fpv4-sp/hard/crtbegin.o
 .ARM.attributes
                0x00000056       0x20 c:/ac6/systemworkbench/plugins/fr.ac6.mcu.externaltools.arm-none.win32_1.15.0.201708311556/tools/compiler/bin/../lib/gcc/arm-none-eabi/6.3.1/../../../../arm-none-eabi/lib/thumb/v7e-m/fpv4-sp/hard/crt0.o
 .ARM.attributes
                0x00000076       0x39 StdPeriph_Driver/src/misc.o
 .ARM.attributes
                0x000000af       0x39 StdPeriph_Driver/src/stm32f4xx_adc.o
 .ARM.attributes
                0x000000e8       0x39 StdPeriph_Driver/src/stm32f4xx_can.o
 .ARM.attributes
                0x00000121       0x39 StdPeriph_Driver/src/stm32f4xx_crc.o
 .ARM.attributes
                0x0000015a       0x39 StdPeriph_Driver/src/stm32f4xx_cryp.o
 .ARM.attributes
                0x00000193       0x39 StdPeriph_Driver/src/stm32f4xx_cryp_aes.o
 .ARM.attributes
                0x000001cc       0x39 StdPeriph_Driver/src/stm32f4xx_cryp_des.o
 .ARM.attributes
                0x00000205       0x39 StdPeriph_Driver/src/stm32f4xx_cryp_tdes.o
 .ARM.attributes
                0x0000023e       0x39 StdPeriph_Driver/src/stm32f4xx_dac.o
 .ARM.attributes
                0x00000277       0x39 StdPeriph_Driver/src/stm32f4xx_dbgmcu.o
 .ARM.attributes
                0x000002b0       0x39 StdPeriph_Driver/src/stm32f4xx_dcmi.o
 .ARM.attributes
                0x000002e9       0x39 StdPeriph_Driver/src/stm32f4xx_dma.o
 .ARM.attributes
                0x00000322       0x39 StdPeriph_Driver/src/stm32f4xx_exti.o
 .ARM.attributes
                0x0000035b       0x39 StdPeriph_Driver/src/stm32f4xx_flash.o
 .ARM.attributes
                0x00000394       0x39 StdPeriph_Driver/src/stm32f4xx_fsmc.o
 .ARM.attributes
                0x000003cd       0x39 StdPeriph_Driver/src/stm32f4xx_gpio.o
 .ARM.attributes
                0x00000406       0x39 StdPeriph_Driver/src/stm32f4xx_hash.o
 .ARM.attributes
                0x0000043f       0x39 StdPeriph_Driver/src/stm32f4xx_hash_md5.o
 .ARM.attributes
                0x00000478       0x39 StdPeriph_Driver/src/stm32f4xx_hash_sha1.o
 .ARM.attributes
                0x000004b1       0x39 StdPeriph_Driver/src/stm32f4xx_i2c.o
 .ARM.attributes
                0x000004ea       0x39 StdPeriph_Driver/src/stm32f4xx_iwdg.o
 .ARM.attributes
                0x00000523       0x39 StdPeriph_Driver/src/stm32f4xx_pwr.o
 .ARM.attributes
                0x0000055c       0x39 StdPeriph_Driver/src/stm32f4xx_rcc.o
 .ARM.attributes
                0x00000595       0x39 StdPeriph_Driver/src/stm32f4xx_rng.o
 .ARM.attributes
                0x000005ce       0x39 StdPeriph_Driver/src/stm32f4xx_rtc.o
 .ARM.attributes
                0x00000607       0x39 StdPeriph_Driver/src/stm32f4xx_sdio.o
 .ARM.attributes
                0x00000640       0x39 StdPeriph_Driver/src/stm32f4xx_spi.o
 .ARM.attributes
                0x00000679       0x39 StdPeriph_Driver/src/stm32f4xx_syscfg.o
 .ARM.attributes
                0x000006b2       0x39 StdPeriph_Driver/src/stm32f4xx_tim.o
 .ARM.attributes
                0x000006eb       0x39 StdPeriph_Driver/src/stm32f4xx_usart.o
 .ARM.attributes
                0x00000724       0x39 StdPeriph_Driver/src/stm32f4xx_wwdg.o
 .ARM.attributes
                0x0000075d       0x39 Utilities/stm32f4_discovery.o
 .ARM.attributes
                0x00000796       0x39 Utilities/stm32f4_discovery_lis302dl.o
 .ARM.attributes
                0x000007cf       0x39 src/main.o
 .ARM.attributes
                0x00000808       0x39 src/syscalls.o
 .ARM.attributes
                0x00000841       0x39 src/system_stm32f4xx.o
 .ARM.attributes
                0x0000087a       0x39 src/tm_stm32f4_lis302dl_lis3dsh.o
 .ARM.attributes
                0x000008b3       0x21 startup/startup_stm32f4xx.o
 .ARM.attributes
                0x000008d4       0x34 c:/ac6/systemworkbench/plugins/fr.ac6.mcu.externaltools.arm-none.win32_1.15.0.201708311556/tools/compiler/bin/../lib/gcc/arm-none-eabi/6.3.1/../../../../arm-none-eabi/lib/thumb/v7e-m/fpv4-sp/hard\libc.a(lib_a-errno.o)
 .ARM.attributes
                0x00000908       0x34 c:/ac6/systemworkbench/plugins/fr.ac6.mcu.externaltools.arm-none.win32_1.15.0.201708311556/tools/compiler/bin/../lib/gcc/arm-none-eabi/6.3.1/../../../../arm-none-eabi/lib/thumb/v7e-m/fpv4-sp/hard\libc.a(lib_a-exit.o)
 .ARM.attributes
                0x0000093c       0x34 c:/ac6/systemworkbench/plugins/fr.ac6.mcu.externaltools.arm-none.win32_1.15.0.201708311556/tools/compiler/bin/../lib/gcc/arm-none-eabi/6.3.1/../../../../arm-none-eabi/lib/thumb/v7e-m/fpv4-sp/hard\libc.a(lib_a-impure.o)
 .ARM.attributes
                0x00000970       0x34 c:/ac6/systemworkbench/plugins/fr.ac6.mcu.externaltools.arm-none.win32_1.15.0.201708311556/tools/compiler/bin/../lib/gcc/arm-none-eabi/6.3.1/../../../../arm-none-eabi/lib/thumb/v7e-m/fpv4-sp/hard\libc.a(lib_a-init.o)
 .ARM.attributes
                0x000009a4       0x34 c:/ac6/systemworkbench/plugins/fr.ac6.mcu.externaltools.arm-none.win32_1.15.0.201708311556/tools/compiler/bin/../lib/gcc/arm-none-eabi/6.3.1/../../../../arm-none-eabi/lib/thumb/v7e-m/fpv4-sp/hard\libc.a(lib_a-memset.o)
 .ARM.attributes
                0x000009d8       0x34 c:/ac6/systemworkbench/plugins/fr.ac6.mcu.externaltools.arm-none.win32_1.15.0.201708311556/tools/compiler/bin/../lib/gcc/arm-none-eabi/6.3.1/../../../../arm-none-eabi/lib/thumb/v7e-m/fpv4-sp/hard\libc.a(lib_a-time.o)
 .ARM.attributes
                0x00000a0c       0x34 c:/ac6/systemworkbench/plugins/fr.ac6.mcu.externaltools.arm-none.win32_1.15.0.201708311556/tools/compiler/bin/../lib/gcc/arm-none-eabi/6.3.1/../../../../arm-none-eabi/lib/thumb/v7e-m/fpv4-sp/hard\libc.a(lib_a-__call_atexit.o)
 .ARM.attributes
                0x00000a40       0x34 c:/ac6/systemworkbench/plugins/fr.ac6.mcu.externaltools.arm-none.win32_1.15.0.201708311556/tools/compiler/bin/../lib/gcc/arm-none-eabi/6.3.1/../../../../arm-none-eabi/lib/thumb/v7e-m/fpv4-sp/hard\libc.a(lib_a-atexit.o)
 .ARM.attributes
                0x00000a74       0x34 c:/ac6/systemworkbench/plugins/fr.ac6.mcu.externaltools.arm-none.win32_1.15.0.201708311556/tools/compiler/bin/../lib/gcc/arm-none-eabi/6.3.1/../../../../arm-none-eabi/lib/thumb/v7e-m/fpv4-sp/hard\libc.a(lib_a-fini.o)
 .ARM.attributes
                0x00000aa8       0x34 c:/ac6/systemworkbench/plugins/fr.ac6.mcu.externaltools.arm-none.win32_1.15.0.201708311556/tools/compiler/bin/../lib/gcc/arm-none-eabi/6.3.1/../../../../arm-none-eabi/lib/thumb/v7e-m/fpv4-sp/hard\libc.a(lib_a-gettimeofdayr.o)
 .ARM.attributes
                0x00000adc       0x34 c:/ac6/systemworkbench/plugins/fr.ac6.mcu.externaltools.arm-none.win32_1.15.0.201708311556/tools/compiler/bin/../lib/gcc/arm-none-eabi/6.3.1/../../../../arm-none-eabi/lib/thumb/v7e-m/fpv4-sp/hard\libc.a(lib_a-lock.o)
 .ARM.attributes
                0x00000b10       0x34 c:/ac6/systemworkbench/plugins/fr.ac6.mcu.externaltools.arm-none.win32_1.15.0.201708311556/tools/compiler/bin/../lib/gcc/arm-none-eabi/6.3.1/../../../../arm-none-eabi/lib/thumb/v7e-m/fpv4-sp/hard\libc.a(lib_a-reent.o)
 .ARM.attributes
                0x00000b44       0x34 c:/ac6/systemworkbench/plugins/fr.ac6.mcu.externaltools.arm-none.win32_1.15.0.201708311556/tools/compiler/bin/../lib/gcc/arm-none-eabi/6.3.1/../../../../arm-none-eabi/lib/thumb/v7e-m/fpv4-sp/hard\libc.a(lib_a-__atexit.o)
 .ARM.attributes
                0x00000b78       0x34 c:/ac6/systemworkbench/plugins/fr.ac6.mcu.externaltools.arm-none.win32_1.15.0.201708311556/tools/compiler/bin/../lib/gcc/arm-none-eabi/6.3.1/../../../../arm-none-eabi/lib/thumb/v7e-m/fpv4-sp/hard\libc.a(lib_a-freer.o)
 .ARM.attributes
                0x00000bac       0x34 c:/ac6/systemworkbench/plugins/fr.ac6.mcu.externaltools.arm-none.win32_1.15.0.201708311556/tools/compiler/bin/../lib/gcc/arm-none-eabi/6.3.1/../../../../arm-none-eabi/lib/thumb/v7e-m/fpv4-sp/hard\libc.a(lib_a-mallocr.o)
 .ARM.attributes
                0x00000be0       0x34 c:/ac6/systemworkbench/plugins/fr.ac6.mcu.externaltools.arm-none.win32_1.15.0.201708311556/tools/compiler/bin/../lib/gcc/arm-none-eabi/6.3.1/../../../../arm-none-eabi/lib/thumb/v7e-m/fpv4-sp/hard\libc.a(lib_a-mlock.o)
 .ARM.attributes
                0x00000c14       0x34 c:/ac6/systemworkbench/plugins/fr.ac6.mcu.externaltools.arm-none.win32_1.15.0.201708311556/tools/compiler/bin/../lib/gcc/arm-none-eabi/6.3.1/../../../../arm-none-eabi/lib/thumb/v7e-m/fpv4-sp/hard\libc.a(lib_a-sbrkr.o)
 .ARM.attributes
                0x00000c48       0x34 c:/ac6/systemworkbench/plugins/fr.ac6.mcu.externaltools.arm-none.win32_1.15.0.201708311556/tools/compiler/bin/../lib/gcc/arm-none-eabi/6.3.1/thumb/v7e-m/fpv4-sp/hard/crtend.o
 .ARM.attributes
                0x00000c7c       0x22 c:/ac6/systemworkbench/plugins/fr.ac6.mcu.externaltools.arm-none.win32_1.15.0.201708311556/tools/compiler/bin/../lib/gcc/arm-none-eabi/6.3.1/thumb/v7e-m/fpv4-sp/hard/crtn.o
 *(.gnu.attributes)

.note.gnu.arm.ident
 *(.note.gnu.arm.ident)

/DISCARD/
 *(.note.GNU-stack)
 *(.gnu_debuglink)
 *(.gnu.lto_*)
OUTPUT(ptmproj.elf elf32-littlearm)
